D/BackupManagerService(  807): Now staging backup of com.android.providers.userdictionary
D/BackupManagerService(  807): Now staging backup of com.blackberry.calendar
D/BackupManagerService(  807): Now staging backup of com.google.android.inputmethod.latin
V/BackupManagerService(  807): Starting with transport com.google.android.gms/.backup.BackupTransportService
V/BackupManagerService(  807): Found transports: 2
I/BackupManagerService(  807): Binding to transport host ComponentInfo{android/com.android.internal.backup.LocalTransportService}
I/BackupManagerService(  807): Binding to transport host ComponentInfo{com.google.android.gms/com.google.android.gms.backup.BackupTransportService}
I/DisplayManagerService(  807): Display device changed: DisplayDeviceInfo{"Built-in Screen": uniqueId="local:0", 1440 x 2560, 60.0 fps, supportedRefreshRates [60.0], density 560, 494.27 x 492.606 dpi, appVsyncOff 7500000, presDeadline 12666667, touch INTERNAL, rotation 0, type BUILT_IN, state ON, FLAG_DEFAULT_DISPLAY, FLAG_ROTATES_WITH_CONTENT, FLAG_SECURE, FLAG_SUPPORTS_PROTECTED_BUFFERS}
I/AppOps  (  807): Pruning old package media/1013: new uid=-1
I/ActivityManager(  807): System now ready
I/SystemServer(  807): Making services ready
I/SystemServiceManager(  807): Starting phase 550
I/SystemServer(  807): WebViewFactory preparation
I/ActivityManager(  807): Start proc 1020:WebViewLoader-armeabi-v7a/1037 [android.webkit.WebViewFactory$RelroFileCreator] for 
I/ActivityManager(  807): Start proc 1037:com.android.systemui/u0a24 for service com.android.systemui/.SystemUIService
W/MountService(  807): Duplicate state transition (mounted -> mounted) for /storage/emulated/0
D/NetworkManagementService(  807): enabling bandwidth control
D/UsbHostManager(  807): Added device UsbDevice[mName=/dev/bus/usb/001/002,mVendorId=1478,mProductId=37028,mClass=0,mSubclass=0,mProtocol=0,mManufacturerName=Qualcomm, Incorporated,mProductName=Qualcomm CDMA Technologies MSM,mSerialNumber=null,mConfigurations=[
D/UsbHostManager(  807): UsbConfiguration[mId=1,mName=Qualcomm Configuration,mAttributes=224,mMaxPower=250,mInterfaces=[
D/UsbHostManager(  807): UsbInterface[mId=0,mAlternateSetting=0,mName=null,mClass=255,mSubclass=255,mProtocol=255,mEndpoints=[
D/UsbHostManager(  807): UsbEndpoint[mAddress=129,mAttributes=3,mMaxPacketSize=512,mInterval=3]
D/UsbHostManager(  807): UsbEndpoint[mAddress=1,mAttributes=2,mMaxPacketSize=512,mInterval=32]]
D/UsbHostManager(  807): UsbInterface[mId=1,mAlternateSetting=0,mName=null,mClass=255,mSubclass=255,mProtocol=255,mEndpoints=[
D/UsbHostManager(  807): UsbEndpoint[mAddress=130,mAttributes=3,mMaxPacketSize=512,mInterval=3]
D/UsbHostManager(  807): UsbEndpoint[mAddress=2,mAttributes=2,mMaxPacketSize=512,mInterval=32]]
D/UsbHostManager(  807): UsbInterface[mId=2,mAlternateSetting=0,mName=null,mClass=255,mSubclass=255,mProtocol=255,mEndpoints=[
D/UsbHostManager(  807): UsbEndpoint[mAddress=131,mAttributes=2,mMaxPacketSize=512,mInterval=32]
D/UsbHostManager(  807): UsbEndpoint[mAddress=3,mAttributes=2,mMaxPacketSize=512,mInterval=32]]
D/UsbHostManager(  807): UsbInterface[mId=3,mAlternateSetting=0,mName=null,mClass=255,mSubclass=255,mProtocol=255,mEndpoints=[
D/UsbHostManager(  807): UsbEndpoint[mAddress=132,mAttributes=3,mMaxPacketSize=512,mInterval=3]
D/UsbHostManager(  807): UsbEndpoint[mAddress=4,mAttributes=2,mMaxPacketSize=512,mInterval=32]]
D/UsbHostManager(  807): UsbInterface[mId=4,mAlternateSetting=0,mName=null,mClass=255,mSubclass=255,mProtocol=255,mEndpoints=[
D/UsbHostManager(  807): UsbEndpoint[mAddress=133,mAttributes=2,mMaxPacketSize=512,mInterval=32]]
D/UsbHostManager(  807): UsbInterface[mId=5,mAlternateSetting=0,mName=null,mClass=255,mSubclass=255,mProtocol=255,mEndpoints=[
D/UsbHostManager(  807): UsbEndpoint[mAddress=134,mAttributes=3,mMaxPacketSize=64,mInterval=5]
D/UsbHostManager(  807): UsbEndpoint[mAddress=135,mAttributes=3,mMaxPacketSize=512,mInterval=3]
D/UsbHostManager(  807): UsbEndpoint[mAddress=5,mAttributes=2,mMaxPacketSize=512,mInterval=32]]
D/UsbHostManager(  807): UsbInterface[mId=6,mAlternateSetting=0,mName=null,mClass=255,mSubclass=254,mProtocol=255,mEndpoints=[
D/UsbHostManager(  807): UsbEndpoint[mAddress=136,mAttributes=3,mMaxPacketSize=64,mInterval=5]
D/UsbHostManager(  807): UsbEndpoint[mAddress=137,mAttributes=2,mMaxPacketSize=512,mInterval=32]
D/UsbHostManager(  807): UsbEndpoint[mAddress=6,mAttributes=2,mMaxPacketSize=512,mInterval=32]]
D/UsbHostManager(  807): UsbInterface[mId=7,mAlternateSetting=0,mName=null,mClass=255,mSubclass=255,mProtocol=255,mEndpoints=[
D/UsbHostManager(  807): UsbEndpoint[mAddress=138,mAttributes=3,mMaxPacketSize=64,mInterval=5]
D/UsbHostManager(  807): UsbEndpoint[mAddress=139,mAttributes=2,mMaxPacketSize=512,mInterval=32]
D/UsbHostManager(  807): UsbEndpoint[mAddress=7,mAttributes=2,mMaxPacketSize=512,mInterval=32]]
D/UsbHostManager(  807): UsbInterface[mId=8,mAlternateSetting=0,mName=null,mClass=255,mSubclass=255,mProtocol=255,mEndpoints=[
D/UsbHostManager(  807): UsbEndpoint[mAddress=140,mAttributes=3,mMaxPacketSize=64,mInterval=5]
D/UsbHostManager(  807): UsbEndpoint[mAddress=141,mAttributes=2,mMaxPacketSize=512,mInterval=32]
D/UsbHostManager(  807): UsbEndpoint[mAddress=8,mAttributes=2,mMaxPacketSize=512,mInterval=32]]
D/UsbHostManager(  807): UsbInterface[mId=9,mAlternateSetting=0,mName=null,mClass=255,mSubclass=255,mProtocol=255,mEndpoints=[
D/UsbHostManager(  807): UsbEndpoint[mAddress=142,mAttributes=3,mMaxPacketSize=64,mInterval=5]]]]
W/ContextImpl(  807): Calling a method in the system process without a qualified user: android.app.ContextImpl.sendBroadcast:1327 com.android.server.usb.UsbSettingsManager.deviceAttached:741 com.android.server.usb.UsbHostManager.endUsbDeviceAdded:224 com.android.server.usb.UsbHostManager.monitorUsbHostBus:-2 com.android.server.usb.UsbHostManager.access$000:42 
I/ActivityManager(  807): Start proc 1059:android.process.media/u0a8 for broadcast com.android.providers.media/.MtpReceiver
W/BroadcastQueue(  807): pending app  [foreground]ProcessRecord{1a75f654 0:android.process.acore/u0a5} died before responding to broadcast
I/ActivityManager(  807): Start proc 1077:android.process.acore/u0a5 for broadcast com.android.providers.contacts/.LocaleChangeReceiver
V/FingerprintService(  807): startListening(android.service.fingerprint.IFingerprintServiceReceiver$Stub$Proxy@234f6ec8)
I/ActivityManager(  807): Start proc 1117:com.android.phone/1001 for broadcast com.android.stk/.StkCmdReceiver
I/ActivityManager(  807): Start proc 1187:com.google.android.apps.photos/u0a70 for broadcast com.google.android.apps.photos/com.google.android.libraries.social.notifications.impl.LocaleChangeReceiver
I/StatusBarManagerService(  807): registerStatusBar bar=com.android.internal.statusbar.IStatusBar$Stub$Proxy@133c9894
I/SystemServiceManager(  807): Starting phase 600
I/BackupManagerService(  807): Backup enabled => true
I/ActivityManager(  807): Start proc 1225:com.google.android.googlequicksearchbox:interactor/u0a28 for service com.google.android.googlequicksearchbox/com.google.android.voiceinteraction.GsaVoiceInteractionService
E/InputMethodManagerService(  807): Ignoring setImeWindowStatus due to an invalid token. uid:1000 token:null
I/ActivityManager(  807): Start proc 1244:com.google.android.inputmethod.latin/u0a62 for service com.google.android.inputmethod.latin/com.android.inputmethod.latin.LatinIME
V/InputMethodManagerService(  807): Adding window token: android.os.Binder@215b028e
I/MmsServiceBroker(  807): Delay connecting to MmsService until an API is called
I/ActivityManager(  807): Start proc 1310:com.android.nfc/1027 for added application com.android.nfc
I/ActivityManager(  807): START u0 {act=android.intent.action.MAIN cat=[android.intent.category.HOME] flg=0x10000000 cmp=com.google.android.googlequicksearchbox/com.google.android.launcher.GEL} from uid 0 on display 0
V/WindowManager(  807): addAppToken: AppWindowToken{3560422b token=Token{33423a7a ActivityRecord{2f70b6a5 u0 com.google.android.googlequicksearchbox/com.google.android.launcher.GEL t11}}} to stack=0 task=11 at 0
I/ActivityManager(  807): Start proc 1344:com.google.android.googlequicksearchbox/u0a28 for activity com.google.android.googlequicksearchbox/com.google.android.launcher.GEL
V/ActivityManager(  807): Display changed displayId=0
V/ActivityManager(  807): Display changed displayId=0
W/ResourcesManager( 1037): Asset path '/system/framework/com.google.android.dialer.support.jar' does not exist or contains no resources.
W/ResourcesManager( 1037): Asset path '/system/framework/com.google.android.camera2.jar' does not exist or contains no resources.
I/ActivityManager(  807): Start proc 1370:com.android.printspooler/u0a80 for service com.android.printspooler/.model.PrintSpoolerService
V/ActivityManager(  807): Display changed displayId=0
I/Telecom (  807): TelecomGlobals: TelecomGlobals initializing
I/Telecom (  807): TelecomGlobals: CallsManager initialized
W/ContextImpl(  807): Calling a method in the system process without a qualified user: android.app.ContextImpl.startService:1692 android.content.ContextWrapper.startService:516 com.android.server.telecom.BluetoothPhoneService.start:440 com.android.server.telecom.TelecomGlobals.initialize:93 com.android.server.telecom.TelecomService.onCreate:164 
I/ValidateNoPeople(  807): skipping global notification
V/NotificationService(  807): pkg=android canInterrupt=false intercept=true
I/ValidateNoPeople(  807): skipping global notification
V/NotificationService(  807): pkg=android canInterrupt=false intercept=true
E/WifiP2pService(  807): Unable to change interface settings: java.lang.IllegalStateException: command '28 interface setcfg p2p0 0.0.0.0 0 up' failed with '400 28 Failed to set address (No such device)'
I/ActivityManager(  807): Start proc 1407:com.google.android.gms.persistent/u0a11 for broadcast com.google.android.gms/com.google.android.location.internal.NlpNetworkProviderSettingsUpdateReceiver
V/WiredAccessoryManager(  807): notifyWiredAccessoryChanged: when=0 bits= mask=54
V/WiredAccessoryManager(  807): newName=h2w newState=0 headsetState=0 prev headsetState=0
V/WiredAccessoryManager(  807): init()
W/ResourcesManager(  807): Asset path '/system/framework/com.google.android.maps.jar' does not exist or contains no resources.
W/ResourcesManager(  807): Asset path '/system/framework/com.google.android.media.effects.jar' does not exist or contains no resources.
W/ResourcesManager( 1407): Asset path '/system/framework/com.android.media.remotedisplay.jar' does not exist or contains no resources.
W/ResourcesManager( 1407): Asset path '/system/framework/com.android.location.provider.jar' does not exist or contains no resources.
E/WifiP2pService(  807): Unable to change interface settings: java.lang.IllegalStateException: command '30 interface setcfg p2p0 0.0.0.0 0 up' failed with '400 30 Failed to set address (No such device)'
V/BackupManagerService(  807): Connected to transport ComponentInfo{android/com.android.internal.backup.LocalTransportService}
D/WifiService(  807): New client listening to asynchronous messages
V/BackupManagerService(  807): Registering transport android/com.android.internal.backup.LocalTransportService::android/com.android.internal.backup.LocalTransport = android.app.backup.BackupTransport$TransportImpl@13994b9b
V/ActivityManager(  807): Display changed displayId=0
I/ActivityManager(  807): Start proc 1463:com.google.android.googlequicksearchbox:search/u0a28 for service com.google.android.googlequicksearchbox/com.google.android.hotword.service.HotwordService
D/ConnectivityService(  807): listenForNetwork for NetworkRequest [ id=2, legacyType=-1, [] ]
I/ActivityManager(  807): Start proc 1507:com.google.process.gapps/u0a11 for service com.google.android.gms/.config.ConfigService
W/ResourcesManager( 1507): Asset path '/system/framework/com.android.media.remotedisplay.jar' does not exist or contains no resources.
W/ResourcesManager( 1507): Asset path '/system/framework/com.android.location.provider.jar' does not exist or contains no resources.
I/ActivityManager(  807): Start proc 1554:com.android.vending/u0a19 for broadcast com.android.vending/com.google.android.finsky.receivers.ClearCacheReceiver
D/ConnectivityService(  807): Got NetworkFactory Messenger for WIFI
D/ConnectivityService(  807): Got NetworkFactory Messenger for WIFI_UT
W/ResourcesManager( 1344): Asset path '/system/framework/com.google.android.dialer.support.jar' does not exist or contains no resources.
I/ActivityManager(  807): Start proc 1575:com.google.android.partnersetup/u0a16 for content provider com.google.android.partnersetup/.RlzAppProvider
V/WindowManager(  807): Based on layer: Adding window Window{34a9d7cc u0 com.google.android.googlequicksearchbox/com.google.android.launcher.GEL} at 0 of 1
W/SoundModelDBHelper(  807): No SoundModel available for the given keyphrase
W/ResourcesManager( 1344): Asset path '/system/framework/com.google.android.media.effects.jar' does not exist or contains no resources.
W/KeyguardServiceDelegate(  807): onScreenTurnedOn(): no keyguard service!
D/WifiService(  807): New client listening to asynchronous messages
D/VoldCmdListener(  258): cryptfs getpw
D/VoldCmdListener(  258): cryptfs clearpw
V/BackupManagerService(  807): Connected to transport ComponentInfo{com.google.android.gms/com.google.android.gms.backup.BackupTransportService}
V/BackupManagerService(  807): Registering transport com.google.android.gms/.backup.BackupTransportService::com.google.android.gms/.backup.BackupTransportService = com.android.internal.backup.IBackupTransport$Stub$Proxy@28ae9aa1
I/ActivityManager(  807): Start proc 1703:com.google.android.gms:car/u0a11 for service com.google.android.gms/.car.CarService
W/ResourcesManager( 1703): Asset path '/system/framework/com.android.media.remotedisplay.jar' does not exist or contains no resources.
W/ResourcesManager( 1703): Asset path '/system/framework/com.android.location.provider.jar' does not exist or contains no resources.
I/ActivityManager(  807): Start proc 1728:com.google.android.calendar/u0a37 for broadcast com.google.android.calendar/com.android.calendar.alerts.AlertReceiver
I/ActivityManager(  807): Start proc 1746:com.google.android.gms/u0a11 for service com.google.android.gms/.usagereporting.service.UsageReportingService
W/ResourcesManager( 1746): Asset path '/system/framework/com.android.media.remotedisplay.jar' does not exist or contains no resources.
W/ResourcesManager( 1746): Asset path '/system/framework/com.android.location.provider.jar' does not exist or contains no resources.
I/ActivityManager(  807): Process com.android.vending (pid 1554) has died
D/WifiService(  807): New client listening to asynchronous messages
W/WindowManager(  807): Keyguard drawn timeout. Setting mKeyguardDrawComplete
I/ActivityManager(  807): Start proc 1796:com.android.providers.calendar/u0a3 for content provider com.android.providers.calendar/.CalendarProvider2
I/ActivityManager(  807): Start proc 1817:com.google.android.gms.wearable/u0a11 for service com.google.android.gms/.wearable.service.WearableService
W/ResourcesManager( 1796): Asset path '/system/framework/android.test.runner.jar' does not exist or contains no resources.
I/ActivityManager(  807): Start proc 1847:com.google.android.apps.maps/u0a64 for broadcast com.google.android.apps.maps/com.google.android.apps.gmm.iamhere.ble.StartBleServiceReceiver
W/ResourcesManager( 1817): Asset path '/system/framework/com.android.media.remotedisplay.jar' does not exist or contains no resources.
W/ResourcesManager( 1817): Asset path '/system/framework/com.android.location.provider.jar' does not exist or contains no resources.
D/ConnectivityService(  807): registerNetworkAgent NetworkAgentInfo{ ni{[type: WIFI[], state: CONNECTING/CONNECTING, reason: (unspecified), extra: "convivawifi5ghz", roaming: false, failover: false, isAvailable: true, isConnectedToProvisioningNetwork: false]}  network{null}  lp{{LinkAddresses: []  Routes: [] DnsAddresses: [] Domains: null MTU: 0 TcpBufferSizes: 524288,2097152,4194304,262144,524288,1048576}}  nc{[ Transports: WIFI Capabilities: INTERNET&NOT_RESTRICTED&TRUSTED&NOT_VPN LinkUpBandwidth>=1048576Kbps LinkDnBandwidth>=1048576Kbps]}  Score{20}  everValidated{false}  lastValidated{false}  created{false}  explicitlySelected{false} }
D/ConnectivityService(  807): NetworkAgentInfo [WIFI () - 100] EVENT_NETWORK_INFO_CHANGED, going from null to CONNECTING
D/ConnectivityService(  807): updateNetworkScore for NetworkAgentInfo [WIFI () - 100] to 60
I/ActivityManager(  807): Start proc 1917:com.google.android.keep/u0a78 for broadcast com.google.android.keep/.notification.AlertReceiver
W/ResourcesManager( 1344): Asset path '/system/framework/com.google.android.dialer.support.jar' does not exist or contains no resources.
I/ActivityManager(  807): Start proc 1966:com.google.android.apps.plus/u0a73 for broadcast com.google.android.apps.plus/.service.LocaleChangeReceiver
W/ResourcesManager( 1966): Asset path '/system/framework/com.google.android.maps.jar' does not exist or contains no resources.
W/ResourcesManager( 1344): Asset path '/system/framework/com.google.android.maps.jar' does not exist or contains no resources.
W/ResourcesManager( 1344): Asset path '/system/framework/com.google.android.media.effects.jar' does not exist or contains no resources.
W/ResourcesManager( 1344): Asset path '/system/framework/com.google.android.maps.jar' does not exist or contains no resources.
I/ActivityManager(  807): Start proc 1999:com.google.android.apps.gcs/u0a112 for broadcast com.google.android.apps.gcs/.receiver.WifiStateChangedReceiver
I/ActivityManager(  807): Start proc 2033:com.google.android.apps.walletnfcrel/u0a30 for broadcast com.google.android.apps.walletnfcrel/com.google.android.apps.wallet.nfc.NfcAdapterStateReceiver
W/ResourcesManager( 1746): Asset path '/system/framework/com.google.widevine.software.drm.jar' does not exist or contains no resources.
I/ActivityManager(  807): Start proc 2070:com.google.android.deskclock/u0a44 for broadcast com.google.android.deskclock/com.android.deskclock.AlarmInitReceiver
D/ConnectivityService(  807): NetworkAgentInfo [WIFI () - 100] EVENT_NETWORK_INFO_CHANGED, going from CONNECTING to CONNECTED
D/ConnectivityService(  807): Adding iface wlan0 to network 100
W/ActivityManager(  807): getRunningAppProcesses: caller 10044 does not hold REAL_GET_TASKS; limiting output
E/ConnectivityService(  807): Unexpected mtu value: 0, wlan0
D/ConnectivityService(  807): Adding Route [fe80::/64 -> :: wlan0] to network 100
D/ConnectivityService(  807): Adding Route [192.168.0.0/24 -> 0.0.0.0 wlan0] to network 100
D/ConnectivityService(  807): Adding Route [0.0.0.0/0 -> 192.168.0.1 wlan0] to network 100
D/ConnectivityService(  807): Setting Dns servers for network 100 to [/192.168.0.1]
D/ConnectivityService(  807): notifyType IP_CHANGED for NetworkAgentInfo [WIFI () - 100]
D/ConnectivityService(  807): notifyType PRECHECK for NetworkAgentInfo [WIFI () - 100]
D/ConnectivityService(  807): rematching NetworkAgentInfo [WIFI () - 100]
D/ConnectivityService(  807):    accepting network in place of null
D/ConnectivityService(  807): Switching to new default network: NetworkAgentInfo{ ni{[type: WIFI[], state: CONNECTED/CONNECTED, reason: (unspecified), extra: "convivawifi5ghz", roaming: false, failover: false, isAvailable: true, isConnectedToProvisioningNetwork: false]}  network{100}  lp{{InterfaceName: wlan0 LinkAddresses: [fe80::ee88:92ff:fe6d:96b2/64,192.168.0.178/24,]  Routes: [fe80::/64 -> :: wlan0,192.168.0.0/24 -> 0.0.0.0 wlan0,0.0.0.0/0 -> 192.168.0.1 wlan0,] DnsAddresses: [192.168.0.1,] Domains: symphonyteleca.com MTU: 0 TcpBufferSizes: 524288,2097152,4194304,262144,524288,1048576}}  nc{[ Transports: WIFI Capabilities: INTERNET&NOT_RESTRICTED&TRUSTED&NOT_VPN LinkUpBandwidth>=1048576Kbps LinkDnBandwidth>=1048576Kbps]}  Score{20}  everValidated{false}  lastValidated{false}  created{true}  explicitlySelected{false} }
D/ConnectivityService(  807): Setting tx/rx TCP buffers to 524288,2097152,4194304,262144,524288,1048576
D/ConnectivityService(  807): notifyType AVAILABLE for NetworkAgentInfo [WIFI () - 100]
D/CSLegacyTypeTracker(  807): Sending connected broadcast for type 1 NetworkAgentInfo [WIFI () - 100] isDefaultNetwork=true
D/ConnectivityService(  807): sendStickyBroadcast: action=android.net.conn.CONNECTIVITY_CHANGE_IMMEDIATE
D/ConnectivityService(  807): sendStickyBroadcast: action=android.net.conn.CONNECTIVITY_CHANGE
W/ResourcesManager( 2033): Asset path '/system/framework/com.android.media.remotedisplay.jar' does not exist or contains no resources.
W/ResourcesManager( 2033): Asset path '/system/framework/com.android.location.provider.jar' does not exist or contains no resources.
I/ActivityManager(  807): Start proc 2115:com.google.android.gm/u0a77 for broadcast com.google.android.gm/.MailIntentReceiver
D/ConnectivityService(  807): setProvNotificationVisibleIntent: E visible=false networkType=0 extraInfo=null
D/ConnectivityService(  807): Validated NetworkAgentInfo [WIFI () - 100]
D/ConnectivityService(  807): rematching NetworkAgentInfo [WIFI () - 100]
D/ConnectivityService(  807): Network NetworkAgentInfo [WIFI () - 100] was already satisfying request 1. No change.
D/ConnectivityService(  807): notifyType AVAILABLE for NetworkAgentInfo [WIFI () - 100]
D/ConnectivityService(  807): sendStickyBroadcast: action=android.net.conn.INET_CONDITION_ACTION
I/ActivityManager(  807): Start proc 2143:com.google.android.apps.magazines/u0a66 for broadcast com.google.android.apps.magazines/com.google.apps.dots.android.newsstand.audio.MediaButtonIntentReceiver
D/ActivityThread( 2115): Loading provider com.google.android.gmail.provider;com.android.mail.notifier;com.google.android.gm.email.provider;com.google.android.gm.email.notifier: com.android.email.provider.EmailProvider
I/ActivityManager(  807): Start proc 2161:com.google.android.gm.exchange/u0a76 for service com.google.android.gm.exchange/com.android.exchange.service.EasService
I/ActivityManager(  807): Start proc 2190:com.google.android.youtube/u0a85 for broadcast com.google.android.youtube/com.google.android.apps.youtube.app.system.LocaleUpdatedReceiver
W/ActivityManager(  807): Unable to start service Intent { cmp=com.google.android.gm/com.android.email.service.AttachmentService } U=0: not found
W/ActivityManager(  807): getRunningAppProcesses: caller 10066 does not hold REAL_GET_TASKS; limiting output
W/ActivityManager(  807): getRunningAppProcesses: caller 10066 does not hold REAL_GET_TASKS; limiting output
W/ActivityManager(  807): getRunningAppProcesses: caller 10085 does not hold REAL_GET_TASKS; limiting output
W/ResourcesManager( 2190): Asset path '/system/framework/com.android.media.remotedisplay.jar' does not exist or contains no resources.
W/ResourcesManager( 2190): Asset path '/system/framework/com.android.location.provider.jar' does not exist or contains no resources.
W/ActivityManager(  807): getRunningAppProcesses: caller 10066 does not hold REAL_GET_TASKS; limiting output
W/ActivityManager(  807): getRunningAppProcesses: caller 10066 does not hold REAL_GET_TASKS; limiting output
I/ActivityManager(  807): Start proc 2280:com.gotv.crackle.handset/u0a88 for broadcast com.gotv.crackle.handset/com.google.sample.castcompanionlibrary.remotecontrol.VideoIntentReceiver
I/ActivityManager(  807): Start proc 2327:com.google.android.talk/u0a60 for broadcast com.google.android.talk/com.google.android.apps.hangouts.service.LocaleChangeReceiver
W/ResourcesManager( 2327): Asset path '/system/framework/com.google.android.media.effects.jar' does not exist or contains no resources.
I/ActivityManager(  807): Killing 1187:com.google.android.apps.photos/u0a70 (adj 15): empty #17
I/ActivityManager(  807): Killing 1575:com.google.android.partnersetup/u0a16 (adj 15): empty #17
W/ActivityManager(  807): getRunningAppProcesses: caller 10085 does not hold REAL_GET_TASKS; limiting output
W/ActivityManager(  807): getRunningAppProcesses: caller 10085 does not hold REAL_GET_TASKS; limiting output
W/Telecom (  807): TelecomServiceImpl: null is not visible for the calling user
W/Telecom (  807): TelecomServiceImpl: null is not visible for the calling user
I/ActivityManager(  807): Start proc 2453:com.blackberry.calendar/u0a99 for broadcast com.blackberry.calendar/.alerts.AlertReceiver
I/ActivityManager(  807): Start proc 2473:com.google.android.apps.fitness/u0a90 for broadcast com.google.android.apps.fitness/.FitnessLocaleChangedReceiver
W/ResourcesManager( 2327): Asset path '/system/framework/com.android.media.remotedisplay.jar' does not exist or contains no resources.
W/ResourcesManager( 2327): Asset path '/system/framework/com.android.location.provider.jar' does not exist or contains no resources.
W/ResourcesManager( 1463): Asset path '/system/framework/com.google.android.dialer.support.jar' does not exist or contains no resources.
W/ResourcesManager( 1463): Asset path '/system/framework/com.google.android.media.effects.jar' does not exist or contains no resources.
I/ActivityManager(  807): Start proc 2500:com.blackberry.infrastructure/u0a91 for broadcast com.blackberry.infrastructure/com.blackberry.pim.service.PIMBroadcastReceiver
I/ActivityManager(  807): Start proc 2527:com.google.android.music:main/u0a65 for broadcast com.google.android.music/.leanback.notifications.LeanbackRecommendationsService$LeanbackRecommendationReceiver
--------- beginning of crash
F/libc    (  326): Fatal signal 11 (SIGSEGV), code 1, fault addr 0x0 in tid 329 (BootAnimation)
I/SystemServiceManager(  807): Starting phase 1000
I/ActivityManager(  807): Killing 1703:com.google.android.gms:car/u0a11 (adj 15): empty #17
W/ActivityManager(  807): getRunningAppProcesses: caller 10065 does not hold REAL_GET_TASKS; limiting output
W/ResourcesManager( 2527): Asset path '/system/framework/com.android.media.remotedisplay.jar' does not exist or contains no resources.
W/ResourcesManager( 2527): Asset path '/system/framework/com.android.location.provider.jar' does not exist or contains no resources.
I/ActivityManager(  807): Start proc 2567:com.android.sdm.plugins.sprintdm/1001 for broadcast com.android.sdm.plugins.sprintdm/.SprintDMReceiver
I/ActivityManager(  807): Start proc 2586:com.google.android.apps.photos/u0a70 for broadcast com.google.android.apps.photos/.actionqueue.SystemReceiver
I/ActivityManager(  807): Killing 1847:com.google.android.apps.maps/u0a64 (adj 15): empty #17
I/ActivityManager(  807): Killing 1917:com.google.android.keep/u0a78 (adj 15): empty #17
D/ConnectivityService(  807): reportBadNetwork(NetworkAgentInfo [WIFI () - 100]) by 10011
D/ConnectivityService(  807): setProvNotificationVisibleIntent: E visible=false networkType=0 extraInfo=null
D/ConnectivityService(  807): Validated NetworkAgentInfo [WIFI () - 100]
I/ActivityManager(  807): Start proc 2617:com.android.chrome/u0a40 for broadcast com.android.chrome/org.chromium.chrome.browser.precache.PrecacheServiceLauncher
I/ActivityManager(  807): Killing 1999:com.google.android.apps.gcs/u0a112 (adj 15): empty #17
I/ActivityManager(  807): Start proc 2638:com.rhmsoft.fm:crash.feedback/u0a93 for broadcast com.rhmsoft.fm/com.cleanmaster.fm.receiver.ConnectivityChangeBroadcastReceiver
I/ActivityManager(  807): Killing 1077:android.process.acore/u0a5 (adj 15): empty #17
D/WifiService(  807): New client listening to asynchronous messages
I/ActivityManager(  807): Start proc 2670:com.qualcomm.timeservice/1000 for broadcast com.qualcomm.timeservice/.TimeServiceBroadcastReceiver
I/ActivityManager(  807): Killing 2070:com.google.android.deskclock/u0a44 (adj 15): empty #17
I/ActivityManager(  807): Killing 2115:com.google.android.gm/u0a77 (adj 15): empty #17
I/ActivityManager(  807): Start proc 2692:com.google.android.keep/u0a78 for broadcast com.google.android.keep/.notification.AlertReceiver
I/ActivityManager(  807): Start proc 2715:com.google.android.deskclock/u0a44 for broadcast com.google.android.deskclock/com.android.deskclock.AlarmInitReceiver
W/ActivityManager(  807): getRunningAppProcesses: caller 10044 does not hold REAL_GET_TASKS; limiting output
I/ActivityManager(  807): Killing 1370:com.android.printspooler/u0a80 (adj 15): empty #17
I/ActivityManager(  807): Start proc 2763:com.google.android.gm/u0a77 for broadcast com.google.android.gm/.widget.GmailWidgetProvider
D/WifiService(  807): New client listening to asynchronous messages
D/ActivityThread( 2763): Loading provider com.google.android.gmail.provider;com.android.mail.notifier;com.google.android.gm.email.provider;com.google.android.gm.email.notifier: com.android.email.provider.EmailProvider
I/ActivityManager(  807): Start proc 2814:com.android.keychain/1000 for service com.android.keychain/.KeyChainService
W/ActivityManager(  807): Unable to start service Intent { cmp=com.google.android.gm/com.android.email.service.AttachmentService } U=0: not found
I/BootReceiver(  807): Copying /sys/fs/pstore/console-ramoops to DropBox (SYSTEM_LAST_KMSG)
I/ActivityManager(  807): Start proc 2839:com.google.android.dialer/u0a13 for broadcast com.google.android.dialer/com.android.dialer.calllog.CallLogReceiver
I/BootReceiver(  807): Copying audit failures to DropBox
I/BootReceiver(  807): Copied 0 worth of audits to DropBox
I/BootReceiver(  807): Checking for fsck errors
W/ResourcesManager( 2839): Asset path '/system/framework/com.google.android.dialer.support.jar' does not exist or contains no resources.
I/ActivityManager(  807): Killing 2033:com.google.android.apps.walletnfcrel/u0a30 (adj 15): empty #17
I/ActivityManager(  807): Start proc 2867:android.process.acore/u0a5 for content provider com.android.providers.contacts/.CallLogProvider
I/ActivityManager(  807): Killing 2473:com.google.android.apps.fitness/u0a90 (adj 15): empty #17
W/ResourcesManager( 1728): Asset path '/system/framework/com.android.media.remotedisplay.jar' does not exist or contains no resources.
W/ResourcesManager( 1728): Asset path '/system/framework/com.android.location.provider.jar' does not exist or contains no resources.
E/ConnectivityService(  807): Failed to find Messenger in unregisterNetworkFactory
D/ConnectivityService(  807): Got NetworkFactory Messenger for Telephony
I/ActivityManager(  807): Killing 2500:com.blackberry.infrastructure/u0a91 (adj 15): empty #17
W/ResourcesManager( 1117): Asset path '/system/framework/com.google.android.media.effects.jar' does not exist or contains no resources.
I/ActivityManager(  807): Killing 2527:com.google.android.music:main/u0a65 (adj 15): empty #17
I/ActivityManager(  807): Start proc 2922:com.motorola.motocit/u0a2 for broadcast com.motorola.motocit/.CQATestBootReceiver
W/ResourcesManager( 2763): Asset path '/system/framework/com.android.media.remotedisplay.jar' does not exist or contains no resources.
W/ResourcesManager( 2763): Asset path '/system/framework/com.android.location.provider.jar' does not exist or contains no resources.
D/WifiService(  807): New client listening to asynchronous messages
I/ActivityManager(  807): Killing 2567:com.android.sdm.plugins.sprintdm/1001 (adj 15): empty #17
I/ActivityManager(  807): Killing 2586:com.google.android.apps.photos/u0a70 (adj 15): empty #17
I/ActivityManager(  807): Start proc 2965:com.google.android.onetimeinitializer/u0a15 for broadcast com.google.android.onetimeinitializer/.OneTimeInitializerReceiver
I/ActivityManager(  807): Killing 1966:com.google.android.apps.plus/u0a73 (adj 15): empty #17
I/ActivityManager(  807): Start proc 2988:com.google.android.partnersetup/u0a16 for broadcast com.google.android.partnersetup/.GooglePartnerSetup
I/ActivityManager(  807): Killing 2617:com.android.chrome/u0a40 (adj 15): empty #17
D/ConnectivityService(  807): unregisterNetworkFactory for Telephony
D/ConnectivityService(  807): Got NetworkFactory Messenger for Telephony
I/ActivityManager(  807): Killing 2143:com.google.android.apps.magazines/u0a66 (adj 15): empty #17
I/ActivityManager(  807): Start proc 3018:com.android.managedprovisioning/u0a17 for broadcast com.android.managedprovisioning/.BootReminder
D/MccTable( 1117): updateMccMncConfiguration mccmnc='00000' fromServiceState=true
D/MccTable( 1117): updateMccMncConfiguration defaultMccMnc=
D/MccTable( 1117): updateMccMncConfiguration: mcc=0, mnc=0
D/MccTable( 1117): WIFI_COUNTRY_CODE set to 
I/WifiService(  807): WifiService trying to set country code to  with persist set to true
I/ActivityManager(  807): Config changes=1 {1.0 404mcc?mnc en_US ldltr sw411dp w411dp h658dp 560dpi nrml port finger -keyb/v/h -nav/h s.6}
I/ActivityManager(  807): Killing 2638:com.rhmsoft.fm:crash.feedback/u0a93 (adj 15): empty #17
D/WifiService(  807): Client connection lost with reason: 4
I/ActivityManager(  807): Killing 2280:com.gotv.crackle.handset/u0a88 (adj 15): empty #17
W/ResourcesManager( 1344): Asset path '/system/framework/com.google.android.maps.jar' does not exist or contains no resources.
W/ResourcesManager( 1344): Asset path '/system/framework/com.google.android.media.effects.jar' does not exist or contains no resources.
I/ActivityManager(  807): Start proc 3048:com.android.settings/1000 for broadcast com.android.settings/.sim.SimBootReceiver
V/WindowManager(  807): Based on layer: Adding window Window{3dde7547 u0 com.google.android.googlequicksearchbox/com.google.android.launcher.GEL} at 1 of 6
W/ResourcesManager( 1344): Asset path '/system/framework/com.google.android.dialer.support.jar' does not exist or contains no resources.
I/WindowManager(  807): Screen frozen for +448ms due to Window{3dde7547 u0 com.google.android.googlequicksearchbox/com.google.android.launcher.GEL}
I/ActivityManager(  807): Start proc 3066:org.simalliance.openmobileapi.service/u0a23 for broadcast org.simalliance.openmobileapi.service/.SmartcardServiceBootCompletedBroadcastReceiver
I/ActivityManager(  807): Killing 2670:com.qualcomm.timeservice/1000 (adj 15): empty #17
W/ResourcesManager( 3066): Asset path '/system/framework/org.simalliance.openmobileapi.jar' does not exist or contains no resources.
I/ActivityManager(  807): Start proc 3089:org.simalliance.openmobileapi.service:remote/u0a23 for service org.simalliance.openmobileapi.service/.SmartcardService
I/ActivityManager(  807): Start proc 3106:com.google.android.configupdater/u0a42 for broadcast com.google.android.configupdater/.CertPin.CertPinUpdateRequestReceiver
I/ActivityManager(  807): Killing 2692:com.google.android.keep/u0a78 (adj 15): empty #17
W/ResourcesManager( 3089): Asset path '/system/framework/org.simalliance.openmobileapi.jar' does not exist or contains no resources.
D/ConnectivityService(  807): unregisterNetworkFactory for Telephony
D/ConnectivityService(  807): Got NetworkFactory Messenger for Telephony
D/MccTable( 1117): updateMccMncConfiguration mccmnc='null' fromServiceState=true
D/MccTable( 1117): WIFI_COUNTRY_CODE set to 
I/WifiService(  807): WifiService trying to set country code to  with persist set to true
I/ActivityManager(  807): Killing 2715:com.google.android.deskclock/u0a44 (adj 15): empty #17
I/ActivityManager(  807): Start proc 3151:com.qualcomm.telephony/1000 for broadcast com.qualcomm.atfwd/.AtFwdAutoboot
W/ResourcesManager( 1344): Asset path '/system/framework/com.google.android.maps.jar' does not exist or contains no resources.
W/ContextImpl( 3151): Calling a method in the system process without a qualified user: android.app.ContextImpl.startService:1692 android.content.ContextWrapper.startService:516 android.content.ContextWrapper.startService:516 com.qualcomm.atfwd.AtFwdAutoboot.onReceive:24 android.app.ActivityThread.handleReceiver:2609 
I/ActivityManager(  807): Start proc 3171:com.qualcomm.telephony/1001 for broadcast org.codeaurora.ims/.ImsServiceAutoboot
I/ActivityManager(  807): Start proc 3192:com.android.vending/u0a19 for broadcast com.android.vending/com.google.android.finsky.receivers.BootCompletedReceiver
I/ActivityManager(  807): Killing 2327:com.google.android.talk/u0a60 (adj 15): empty #17
I/ActivityManager(  807): Killing 2161:com.google.android.gm.exchange/u0a76 (adj 15): empty #17
I/ActivityManager(  807): Start proc 3213:com.google.android.apps.plus/u0a73 for service com.google.android.apps.plus/.service.EsSyncAdapterService
W/ResourcesManager( 3213): Asset path '/system/framework/com.google.android.maps.jar' does not exist or contains no resources.
I/ActivityManager(  807): Killing 2190:com.google.android.youtube/u0a85 (adj 15): empty #17
I/ActivityManager(  807): Killing 2453:com.blackberry.calendar/u0a99 (adj 15): empty #17
I/ActivityManager(  807): Start proc 3255:com.google.android.gms:car/u0a11 for service com.google.android.gms/.car.CarService
W/ResourcesManager( 3255): Asset path '/system/framework/com.android.media.remotedisplay.jar' does not exist or contains no resources.
W/ResourcesManager( 3255): Asset path '/system/framework/com.android.location.provider.jar' does not exist or contains no resources.
I/ActivityManager(  807): START u0 {act=android.intent.action.MAIN cat=[android.intent.category.LAUNCHER] flg=0x10200000 cmp=com.conviva.sdk.orangeplayer.exoplayer/com.conviva.sdk.exoplayer.AppChooserActivity (has extras)} from uid 10028 on display 0
V/WindowManager(  807): addAppToken: AppWindowToken{2d3f75b7 token=Token{acf14b6 ActivityRecord{3b3e451 u0 com.conviva.sdk.orangeplayer.exoplayer/com.conviva.sdk.exoplayer.AppChooserActivity t12}}} to stack=1 task=12 at 0
V/WindowManager(  807): Adding window Window{33fc1b90 u0 Starting com.conviva.sdk.orangeplayer.exoplayer} at 2 of 7 (after Window{3dde7547 u0 com.google.android.googlequicksearchbox/com.google.android.launcher.GEL})
I/ActivityManager(  807): Start proc 3317:com.conviva.sdk.orangeplayer.exoplayer/u0a166 for activity com.conviva.sdk.orangeplayer.exoplayer/com.conviva.sdk.exoplayer.AppChooserActivity
V/WindowManager(  807): Adding window Window{1ceff184 u0 com.conviva.sdk.orangeplayer.exoplayer/com.conviva.sdk.exoplayer.AppChooserActivity} at 2 of 8 (before Window{33fc1b90 u0 Starting com.conviva.sdk.orangeplayer.exoplayer})
I/ActivityManager(  807): Start proc 3363:com.google.android.keep/u0a78 for broadcast com.google.android.keep/.notification.AlertReceiver
I/ActivityManager(  807): Killing 2814:com.android.keychain/1000 (adj 15): empty #17
I/ActivityManager(  807): Start proc 3408:com.google.android.deskclock/u0a44 for broadcast com.google.android.deskclock/com.android.deskclock.AlarmInitReceiver
W/ActivityManager(  807): getRunningAppProcesses: caller 10044 does not hold REAL_GET_TASKS; limiting output
I/ActivityManager(  807): Killing 2839:com.google.android.dialer/u0a13 (adj 15): empty #17
I/ActivityManager(  807): Start proc 3439:com.google.android.apps.maps/u0a64 for broadcast com.google.android.apps.maps/com.google.android.apps.gmm.iamhere.ble.StartBleServiceReceiver
I/ActivityManager(  807): Start proc 3456:com.google.android.gm.exchange/u0a76 for service com.google.android.gm.exchange/com.android.exchange.service.EasService
E/ActivityThread( 2763): Service com.android.email.service.EmailBroadcastProcessorService has leaked ServiceConnection com.android.emailcommon.service.am@2cad2962 that was originally bound here
E/ActivityThread( 2763): android.app.ServiceConnectionLeaked: Service com.android.email.service.EmailBroadcastProcessorService has leaked ServiceConnection com.android.emailcommon.service.am@2cad2962 that was originally bound here
E/ActivityThread( 2763): 	at android.app.LoadedApk$ServiceDispatcher.<init>(LoadedApk.java:1077)
E/ActivityThread( 2763): 	at android.app.LoadedApk.getServiceDispatcher(LoadedApk.java:971)
E/ActivityThread( 2763): 	at android.app.ContextImpl.bindServiceCommon(ContextImpl.java:1774)
E/ActivityThread( 2763): 	at android.app.ContextImpl.bindService(ContextImpl.java:1757)
E/ActivityThread( 2763): 	at android.content.ContextWrapper.bindService(ContextWrapper.java:539)
E/ActivityThread( 2763): 	at com.android.emailcommon.service.ak.a(SourceFile:181)
E/ActivityThread( 2763): 	at com.android.emailcommon.service.ak.e(SourceFile:224)
E/ActivityThread( 2763): 	at com.android.email.service.n.c(SourceFile:177)
E/ActivityThread( 2763): 	at com.android.email.provider.b.a(SourceFile:198)
E/ActivityThread( 2763): 	at com.android.email.provider.b.a(SourceFile:142)
E/ActivityThread( 2763): 	at com.android.email.service.EmailBroadcastProcessorService.c(SourceFile:349)
E/ActivityThread( 2763): 	at com.android.email.service.EmailBroadcastProcessorService.onHandleIntent(SourceFile:1334)
E/ActivityThread( 2763): 	at android.app.IntentService$ServiceHandler.handleMessage(IntentService.java:65)
E/ActivityThread( 2763): 	at android.os.Handler.dispatchMessage(Handler.java:102)
E/ActivityThread( 2763): 	at android.os.Looper.loop(Looper.java:135)
E/ActivityThread( 2763): 	at android.os.HandlerThread.run(HandlerThread.java:61)
I/ActivityManager(  807): Killing 1817:com.google.android.gms.wearable/u0a11 (adj 15): empty #17
I/ActivityManager(  807): Killing 2922:com.motorola.motocit/u0a2 (adj 15): empty #17
I/ActivityManager(  807): Killing 2965:com.google.android.onetimeinitializer/u0a15 (adj 15): empty #17
I/ActivityManager(  807): Start proc 3492:com.google.android.youtube/u0a85 for broadcast com.google.android.youtube/com.google.android.libraries.youtube.upload.service.UploadService$BootReceiver
I/ActivityManager(  807): Killing 3018:com.android.managedprovisioning/u0a17 (adj 15): empty #17
W/ActivityThread( 3439): ClassLoader.loadClass: The class loader returned by Thread.getContextClassLoader() may fail for processes that host multiple applications. You should explicitly specify a context class loader. For example: Thread.setContextClassLoader(getClass().getClassLoader());
I/ActivityManager(  807): START u0 {cmp=com.conviva.sdk.orangeplayer.exoplayer/com.conviva.sdk.exoplayer.orangeplayer.ExoOrangePlayerConfigListActivity} from uid 10166 on display 0
V/WindowManager(  807): addAppToken: AppWindowToken{27f15bc5 token=Token{54bb23c ActivityRecord{254e0c2f u0 com.conviva.sdk.orangeplayer.exoplayer/com.conviva.sdk.exoplayer.orangeplayer.ExoOrangePlayerConfigListActivity t12}}} to stack=1 task=12 at 1
V/WindowManager(  807): Adding window Window{36605f1f u0 com.conviva.sdk.orangeplayer.exoplayer/com.conviva.sdk.exoplayer.orangeplayer.ExoOrangePlayerConfigListActivity} at 3 of 8 (after Window{1ceff184 u0 com.conviva.sdk.orangeplayer.exoplayer/com.conviva.sdk.exoplayer.AppChooserActivity})
W/ActivityManager(  807): getRunningAppProcesses: caller 10085 does not hold REAL_GET_TASKS; limiting output
W/ResourcesManager( 3492): Asset path '/system/framework/com.android.media.remotedisplay.jar' does not exist or contains no resources.
W/ResourcesManager( 3492): Asset path '/system/framework/com.android.location.provider.jar' does not exist or contains no resources.
W/ActivityManager(  807): getRunningAppProcesses: caller 10085 does not hold REAL_GET_TASKS; limiting output
I/ActivityManager(  807): Start proc 3585:com.google.android.talk/u0a60 for broadcast com.google.android.talk/com.google.android.apps.hangouts.service.BootReceiver
W/ActivityManager(  807): getRunningAppProcesses: caller 10085 does not hold REAL_GET_TASKS; limiting output
W/ResourcesManager( 3585): Asset path '/system/framework/com.google.android.media.effects.jar' does not exist or contains no resources.
I/ActivityManager(  807): Killing 2988:com.google.android.partnersetup/u0a16 (adj 15): empty #17
W/Telecom (  807): TelecomServiceImpl: null is not visible for the calling user
W/Telecom (  807): TelecomServiceImpl: null is not visible for the calling user
I/ActivityManager(  807): Start proc 3624:com.google.android.apps.gcs/u0a112 for broadcast com.google.android.apps.gcs/.receiver.BootCompletedReceiver
I/ActivityManager(  807): Killing 3048:com.android.settings/1000 (adj 15): empty #17
I/ActivityManager(  807): Start proc 3659:com.google.android.apps.fitness/u0a90 for broadcast com.google.android.apps.fitness/.FitnessBootReceiver
I/ActivityManager(  807): Start proc 3677:com.google.android.apps.messaging/u0a74 for broadcast com.google.android.apps.messaging/.receiver.BootAndPackageReplacedReceiver
I/ActivityManager(  807): Killing 3066:org.simalliance.openmobileapi.service/u0a23 (adj 15): empty #17
I/ActivityManager(  807): START u0 {cmp=com.conviva.sdk.orangeplayer.exoplayer/com.conviva.sdk.exoplayer.orangeplayer.PlayerActivity (has extras)} from uid 10166 on display 0
V/WindowManager(  807): addAppToken: AppWindowToken{2df21cbf token=Token{356752de ActivityRecord{2dbb2219 u0 com.conviva.sdk.orangeplayer.exoplayer/com.conviva.sdk.exoplayer.orangeplayer.PlayerActivity t12}}} to stack=1 task=12 at 2
V/WindowManager(  807): Adding window Window{52c6d5 u0 com.conviva.sdk.orangeplayer.exoplayer/com.conviva.sdk.exoplayer.orangeplayer.PlayerActivity} at 4 of 9 (after Window{36605f1f u0 com.conviva.sdk.orangeplayer.exoplayer/com.conviva.sdk.exoplayer.orangeplayer.ExoOrangePlayerConfigListActivity})
W/ResourcesManager( 3677): Asset path '/system/framework/com.google.android.media.effects.jar' does not exist or contains no resources.
V/WindowManager(  807): Adding window Window{1b85fb51 u0 SurfaceView} at 4 of 10 (before Window{52c6d5 u0 com.conviva.sdk.orangeplayer.exoplayer/com.conviva.sdk.exoplayer.orangeplayer.PlayerActivity})
I/ActivityManager(  807): Start proc 3701:com.google.android.apps.walletnfcrel/u0a30 for broadcast com.google.android.apps.walletnfcrel/com.google.android.apps.wallet.init.OnBootOrUpgradeReceiver
W/ResourcesManager( 3701): Asset path '/system/framework/com.android.media.remotedisplay.jar' does not exist or contains no resources.
W/ResourcesManager( 3701): Asset path '/system/framework/com.android.location.provider.jar' does not exist or contains no resources.
I/ActivityManager(  807): Start proc 3741:com.rhmsoft.fm/u0a93 for broadcast com.rhmsoft.fm/.hd.BootBroadcastReceiver
I/ActivityManager(  807): Killing 3106:com.google.android.configupdater/u0a42 (adj 15): empty #17
I/ActivityManager(  807): Killing 3171:com.qualcomm.telephony/1001 (adj 15): empty #17
I/ActivityManager(  807): Start proc 3765:com.rhmsoft.fm:service/u0a93 for service com.rhmsoft.fm/com.cleanmaster.fm.service.BackgroundService
I/ActivityManager(  807): Start proc 3782:com.blackberry.infrastructure/u0a91 for broadcast com.blackberry.infrastructure/com.blackberry.nlp.AutoStarter
I/ActivityManager(  807): Killing 3255:com.google.android.gms:car/u0a11 (adj 15): empty #17
D/TaskPersister(  807): removeObsoleteFile: deleting file=10_task.xml
W/ActivityManager(  807): Scheduling restart of crashed service com.google.android.gms/.car.CarService in 1000ms
D/WifiService(  807): New client listening to asynchronous messages
I/ActivityManager(  807): Delay finish: com.blackberry.infrastructure/com.blackberry.dav.service.DAVBroadcastReceiver
I/ActivityManager(  807): Resuming delayed broadcast
I/ActivityManager(  807): Start proc 3821:com.blackberry.calendar/u0a99 for broadcast com.blackberry.calendar/.alerts.AlertReceiver
I/ActivityManager(  807): Start proc 3846:com.gotv.crackle.handset/u0a88 for broadcast com.gotv.crackle.handset/com.gotv.crackle.util.LocalNotificationManager
--------- beginning of main
I/UnifiedEmail( 3782): Starting service: BB POP3
I/art     (  807): Explicit concurrent mark sweep GC freed 10387(537KB) AllocSpace objects, 1(16KB) LOS objects, 31% free, 34MB/50MB, paused 951us total 52.131ms
I/art     ( 3864): Late-enabling -Xcheck:jni
I/ActivityManager(  807): Start proc 3864:com.blackberry.infrastructure:com.blackberry.email.pop3.process/u0a91 for service com.blackberry.infrastructure/com.blackberry.email.service.Pop3Service
I/UnifiedEmail( 3782): Starting service: BB IMAP
D/AlarmScheduler( 3821): No events found starting within 1 week.
I/ActivityManager(  807): Delaying start of: ServiceRecord{2e9f0a97 u0 com.blackberry.infrastructure/com.blackberry.email.service.ImapService}
I/UnifiedEmail( 3782): Starting service: BB ActiveSync
I/ActivityManager(  807): Delaying start of: ServiceRecord{16bbb484 u0 com.blackberry.infrastructure/com.blackberry.eas.service.syncadapter.EmailSyncAdapterService}
I/art     ( 3883): Late-enabling -Xcheck:jni
I/ActivityManager(  807): Start proc 3883:com.blackberry.infrastructure:com.blackberry.email.imap.process/u0a91 for service com.blackberry.infrastructure/com.blackberry.email.service.ImapService
I/art     ( 3901): Late-enabling -Xcheck:jni
I/ActivityManager(  807): Start proc 3901:com.blackberry.infrastructure:com.blackberry.email.exchange.process/u0a91 for service com.blackberry.infrastructure/com.blackberry.eas.service.syncadapter.EmailSyncAdapterService
I/ActivityManager(  807): Killing 3192:com.android.vending/u0a19 (adj 15): empty #17
I/ActivityManager(  807): Delay finish: com.gotv.crackle.handset/com.gotv.crackle.util.LocalNotificationManager
I/ActivityManager(  807): Killing 3363:com.google.android.keep/u0a78 (adj 15): empty #17
I/WebViewFactory( 3846): Loading com.google.android.webview version 44.0.2403.90 (code 240309000)
W/VideoCapabilities( 3317): Unrecognized profile 2130706433 for video/avc
I/LibraryLoader( 3846): Time to load native libraries: 1 ms (timestamps 2765-2766)
I/LibraryLoader( 3846): Expected native library version number "",actual native library version number ""
V/WebViewChromiumFactoryProvider( 3846): Binding Chromium to main looper Looper (main, tid 1) {da5195c}
I/LibraryLoader( 3846): Expected native library version number "",actual native library version number ""
I/chromium( 3846): [INFO:library_loader_hooks.cc(120)] Chromium logging enabled: level = 0, default verbosity = 0
