D/BluetoothAdapter( 1037): 154848851: getState() :  mService = null. Returning STATE_OFF
D/BluetoothAdapter( 1037): 154848851: getState() :  mService = null. Returning STATE_OFF
D/BluetoothAdapter( 1037): 154848851: getState() :  mService = null. Returning STATE_OFF
D/BluetoothAdapter( 1037): 154848851: getState() :  mService = null. Returning STATE_OFF
V/NotificationService(  807): pkg=com.android.providers.downloads canInterrupt=false intercept=true
I/kickstart(  859): STATUS: SAHARA_HELLO: hw_info = 0x01030610, pwrup_reason = 0x00004000
I/kickstart(  859): STATUS: Wrote to /sys/power/wake_lock
E/kickstart(  859): ERROR: function: open_file:195 filename = /dev/block/platform/msm_sdcc.1/by-name/mdm1m9kefs1
I/kickstart(  859): STATUS: Opening file '/dev/block/platform/msm_sdcc.1/by-name/mdm1m9kefs1' for writing
I/kickstart(  859): STATUS: Received file 'm9kefs1'
I/kickstart(  859): STATUS: 950272 bytes transferred in 0.972612 seconds
I/kickstart(  859): STATUS: Successfully downloaded files from target 
I/kickstart(  859): STATUS: Wrote to /sys/power/wake_unlock
I/kickstart(  859): STATUS: Sahara protocol completed
E/WifiStateMachine(  807): WifiStateMachine CMD_START_SCAN source 10024 txSuccessRate=1453.78 rxSuccessRate=2766.80 targetRoamBSSID=any RSSI=-51
D/audio_hw_primary(  357): out_set_parameters: enter: usecase(1: low-latency-playback) kvpairs: routing=2
D/Finsky  ( 4245): [495] AppStatesReplicator.handleContentSyncResponse: Completed 0 account content syncs with 0 successful.
D/Finsky  ( 4245): [1] 5.onFinished: Installation state replication succeeded.
I/Icing   ( 1746): Usage reports 1 indexed 0 rejected 0 imm upload false
I/art     ( 1507): Explicit concurrent mark sweep GC freed 33123(1595KB) AllocSpace objects, 0(0B) LOS objects, 37% free, 26MB/42MB, paused 951us total 43.675ms
E/WifiStateMachine(  807): WifiStateMachine shouldSwitchNetwork  txSuccessRate=357.22 rxSuccessRate=703.97 delta 70 -> -929
D/DownloadManager( 1059): [263] Finished with status SUCCESS
V/NotificationService(  807): pkg=com.android.providers.downloads canInterrupt=false intercept=true
D/Finsky  ( 4245): [1] DownloadBroadcastReceiver.onReceive: Intent received at DownloadBroadcastReceiver
D/Finsky  ( 4245): [1] DownloadQueueImpl.notifyProgress: com.google.android.apps.plus: onProgress 8511105/8511105 Status: 200.
D/Finsky  ( 4245): [1] DownloadImpl.setState: com.google.android.apps.plus from DOWNLOADING to SUCCESS.
D/Finsky  ( 4245): [1] DownloadQueueImpl.onComplete: com.google.android.apps.plus: onComplete
D/Finsky  ( 4245): [1] DownloadQueueImpl.remove: Download com.google.android.apps.plus removed from DownloadQueue
I/installd(  358): free_cache(0) avail 24272830464
D/Finsky  ( 4245): [1] InstallerTask.startApplyingPatch: Prepare to patch com.google.android.apps.plus (com.google.android.apps.plus) from content://downloads/my_downloads/263
I/installd(  358): free_cache(27083992) avail 24272830464
V/Herrevad( 1746): NQAS connected
D/WifiService(  807): New client listening to asynchronous messages
E/WiFiServiceImpl (  807): CONNECT  nid=10 uid=1000
D/WifiService(  807): Connect with networkId10
E/WifiStateMachine(  807): CONNECT_NETWORK id=10 config="Convivas Mac mini" cnid=10 supstate=CompletedState my state ConnectedState uid = 10024
E/WifiConfigStore(  807): saveWifiConfigBSSID Setting BSSID for "Convivas Mac mini"WPA_PSK to any
E/WifiAutoJoinController (  807): updateConfigurationHistory found 3 networks
E/WifiAutoJoinController (  807): updateConfigurationHistory add a choice "Convivas Mac mini"WPA_PSK over "convivawifi5ghz"WPA_PSK choice 60
E/WifiAutoJoinController (  807): updateConfigurationHistory add a choice "Convivas Mac mini"WPA_PSK over "convivawifi"WPA_PSK choice 50
E/WifiConfigStore(  807):  rewrite network history for "Convivas Mac mini"WPA_PSK
E/WifiConfigStore(  807): writeKnownNetworkHistory write linked 2
E/WifiConfigStore(  807): writeKnownNetworkHistory write linked 2
E/WifiConfigStore(  807): writeKnownNetworkHistory write linked 2
I/wpa_supplicant( 1011): wlan0: CTRL-EVENT-DISCONNECTED bssid=9c:d6:43:c8:3d:fa reason=3 locally_generated=1
E/WifiConfigStore(  807): will read network variables netId=10
I/wpa_supplicant( 1011): wlan0: Trying to associate with SSID 'Conviva\xe2\x80\x99s Mac mini'
D/audio_hw_primary(  357): out_set_parameters: enter: usecase(1: low-latency-playback) kvpairs: routing=2
E/WifiStateMachine(  807): WifiStateMachine: Leaving Connected state
E/WifiConfigStore(  807): saveWifiConfigBSSID Setting BSSID for "convivawifi5ghz"WPA_PSK to any
D/CommandListener(  353): Clearing all IP addresses on wlan0
V/NativeCrypto( 1507): Read error: ssl=0xaed4c600: I/O error during system call, Connection timed out
V/NativeCrypto( 1507): SSL shutdown failed: ssl=0xaed4c600: I/O error during system call, Broken pipe
D/ConnectivityService(  807): NetworkAgentInfo [WIFI () - 100] EVENT_NETWORK_INFO_CHANGED, going from CONNECTED to DISCONNECTED
D/ConnectivityService(  807): NetworkAgentInfo [WIFI () - 100] got DISCONNECTED, was satisfying 2
D/ConnectivityService(  807): reportBadNetwork(NetworkAgentInfo [WIFI () - 100]) by 10011
D/NetworkMonitor/NetworkAgentInfo [WIFI () - 100](  807): ValidatedState{ when=0 what=532488 arg1=10011 target=com.android.internal.util.StateMachine$SmHandler }
D/NetworkMonitor/NetworkAgentInfo [WIFI () - 100](  807): DefaultState{ when=0 what=532488 arg1=10011 target=com.android.internal.util.StateMachine$SmHandler }
D/NetworkMonitor/NetworkAgentInfo [WIFI () - 100](  807): Forcing reevaluation
D/NetworkMonitor/NetworkAgentInfo [WIFI () - 100](  807): EvaluatingState{ when=0 what=532486 arg1=3 target=com.android.internal.util.StateMachine$SmHandler }
D/NetworkMonitor/NetworkAgentInfo [WIFI () - 100](  807): Checking http://connectivitycheck.android.com/generate_204 on <unknown ssid>
E/WifiStateMachine(  807): Start Disconnecting Watchdog 1
D/CommandListener(  353): Clearing all IP addresses on wlan0
D/NetworkMonitor/NetworkAgentInfo [WIFI () - 100](  807): Probably not a portal: exception java.net.UnknownHostException: Unable to resolve host "connectivitycheck.android.com": No address associated with hostname
W/System.err( 3765): org.apache.http.conn.HttpHostConnectException: Connection to http://infoc2.duba.net refused
W/System.err( 3765): 	at org.apache.http.impl.conn.DefaultClientConnectionOperator.openConnection(DefaultClientConnectionOperator.java:188)
W/System.err( 3765): 	at org.apache.http.impl.conn.AbstractPoolEntry.open(AbstractPoolEntry.java:169)
W/System.err( 3765): 	at org.apache.http.impl.conn.AbstractPooledConnAdapter.open(AbstractPooledConnAdapter.java:124)
W/System.err( 3765): 	at org.apache.http.impl.client.DefaultRequestDirector.execute(DefaultRequestDirector.java:365)
W/System.err( 3765): 	at org.apache.http.impl.client.AbstractHttpClient.execute(AbstractHttpClient.java:560)
W/System.err( 3765): 	at org.apache.http.impl.client.AbstractHttpClient.execute(AbstractHttpClient.java:492)
W/System.err( 3765): 	at org.apache.http.impl.client.AbstractHttpClient.execute(AbstractHttpClient.java:470)
W/System.err( 3765): 	at com.cm.kinfoc.m.b(KHttpPoster.java:102)
W/System.err( 3765): 	at com.cm.kinfoc.o.run(KHttpPoster.java:85)
W/System.err( 3765): 	at java.util.concurrent.Executors$RunnableAdapter.call(Executors.java:422)
W/System.err( 3765): 	at java.util.concurrent.FutureTask.run(FutureTask.java:237)
W/System.err( 3765): 	at java.util.concurrent.ThreadPoolExecutor.runWorker(ThreadPoolExecutor.java:1112)
W/System.err( 3765): 	at java.util.concurrent.ThreadPoolExecutor$Worker.run(ThreadPoolExecutor.java:587)
W/System.err( 3765): 	at java.lang.Thread.run(Thread.java:818)
W/System.err( 3765): Caused by: java.net.ConnectException: failed to connect to /119.147.146.70 (port 80) after 60000ms: connect failed: ENETUNREACH (Network is unreachable)
W/System.err( 3765): 	at libcore.io.IoBridge.connect(IoBridge.java:124)
W/System.err( 3765): 	at java.net.PlainSocketImpl.connect(PlainSocketImpl.java:183)
W/System.err( 3765): 	at java.net.PlainSocketImpl.connect(PlainSocketImpl.java:456)
W/System.err( 3765): 	at java.net.Socket.connect(Socket.java:882)
W/System.err( 3765): 	at org.apache.http.conn.scheme.PlainSocketFactory.connectSocket(PlainSocketFactory.java:124)
W/System.err( 3765): 	at org.apache.http.impl.conn.DefaultClientConnectionOperator.openConnection(DefaultClientConnectionOperator.java:149)
W/System.err( 3765): 	... 13 more
W/System.err( 3765): Caused by: android.system.ErrnoException: connect failed: ENETUNREACH (Network is unreachable)
W/System.err( 3765): 	at libcore.io.Posix.connect(Native Method)
W/System.err( 3765): 	at libcore.io.BlockGuardOs.connect(BlockGuardOs.java:111)
W/System.err( 3765): 	at libcore.io.IoBridge.connectErrno(IoBridge.java:154)
W/System.err( 3765): 	at libcore.io.IoBridge.connect(IoBridge.java:122)
W/System.err( 3765): 	... 18 more
D/WifiNetworkAgent(  807): NetworkAgent: NetworkAgent channel lost
D/ConnectivityService(  807): notifyType LOST for NetworkAgentInfo [WIFI () - 100]
D/ConnectivityManager.CallbackHandler( 1037): CM callback handler got msg 524292
D/CSLegacyTypeTracker(  807): Sending disconnected broadcast for type 1 NetworkAgentInfo [WIFI () - 100] isDefaultNetwork=true
D/NetworkMonitor/NetworkAgentInfo [WIFI () - 100](  807): OfflineState{ when=0 what=532487 target=com.android.internal.util.StateMachine$SmHandler }
D/ConnectivityService(  807): sendStickyBroadcast: action=android.net.conn.CONNECTIVITY_CHANGE_IMMEDIATE
D/NetworkMonitor/NetworkAgentInfo [WIFI () - 100](  807): DefaultState{ when=0 what=532487 target=com.android.internal.util.StateMachine$SmHandler }
D/NetworkMonitor/NetworkAgentInfo [WIFI () - 100](  807): Disconnected - quitting
D/ConnectivityService(  807): sendStickyBroadcast: action=android.net.conn.CONNECTIVITY_CHANGE
D/ConnectivityService(  807): sendStickyBroadcast: action=android.net.conn.CONNECTIVITY_CHANGE_IMMEDIATE
D/ConnectivityService(  807): sendStickyBroadcast: action=android.net.conn.CONNECTIVITY_CHANGE
D/ConnectivityService(  807): Checking for replacement network to handle request NetworkRequest [ id=1, legacyType=-1, [ Capabilities: INTERNET&NOT_RESTRICTED&TRUSTED&NOT_VPN] ]
E/ConnectivityService(  807): EVENT_NETWORK_INFO_CHANGED from unknown NetworkAgent
D/ConnectivityService(  807): setProvNotificationVisibleIntent: E visible=false networkType=0 extraInfo=null
D/Tethering(  807): MasterInitialState.processMessage what=3
D/Tethering(  807): MasterInitialState.processMessage what=3
V/MusicLeanback( 4134): onReceive: Intent { act=android.net.conn.CONNECTIVITY_CHANGE flg=0x4000010 cmp=com.google.android.music/.leanback.notifications.LeanbackRecommendationsService$LeanbackRecommendationReceiver (has extras) }
W/ActivityManager(  807): getRunningAppProcesses: caller 10166 does not hold REAL_GET_TASKS; limiting output
I/CONVIVA ( 3317): [Conviva] [1440050144.06] [INFO] [SDK] [Session] sid=1680375424 Send HB[9]
D/CONVIVA ( 3317): [Conviva] [1440050144.06] [NONE] [SDK] [Session] sid=1680375424 heartbeat to be sent: {"sdk":true,"sf":7,"url":"http:\/\/qthttp.apple.com.edgesuite.net\/1010qwoeiuryfg\/sl.m3u8","evs":[],"sid":1680375424,"clid":"79511.344738.2368548.12345679","t":"CwsSessionHb","lg":["[Conviva] [1440050139.06] [INFO] [SDK] [Session] sid=1680375424 Send HB[8]","[Conviva] [1440050139.06] [NONE] [SDK] request(): calling IHttpInterface:makeRequest","[Conviva] [1440050140.20] [NONE] [SDK] [Session] sid=1680375424 onHeartbeatResponse(): received valid response for HB[8]"],"pj":false,"tags":{"tag1":"test1","tag2":"test2"},"st":45005,"vid":"Dinesh-EXO","iid":895340196,"ps":98,"rs":"LEVEL3-VOD","clv":"2.98.0.26609","cid":"1a6d7f0de15335c201e8e9aacbc7a0952f5191d7","pm":{"dvma":"motorola","osv":"5.1.1","abm":"Nexus 6","sch":"sdk.android.1"},"pver":"1.7","cl":5365,"seq":9,"an":"Dinesh_Exo_SDK","cts":1.440050144056E9,"pn":"Dinesh Orange Player","br":3477,"lv":false}
D/CONVIVA ( 3317): [Conviva] [1440050144.06] [NONE] [SDK] request(): calling IHttpInterface:makeRequest
E/CONVIVA ( 3317): [Conviva] [1440050144.06] [ERROR] [SDK] [Session] sid=1680375424 received no response (or a bad response) to heartbeat POST request.
I/ActivityManager(  807): Start proc 4432:com.android.sdm.plugins.sprintdm/1001 for broadcast com.android.sdm.plugins.sprintdm/.SprintDMReceiver
D/PhoneInterfaceManager( 1117): [PhoneIntfMgr] getDataEnabled: subId=1 phoneId=2147483647
D/PhoneInterfaceManager( 1117): [PhoneIntfMgr] getDataEnabled: subId=1 retVal=false
D/TelephonyManager(  807): getDataEnabled: retVal=false
E/GpsLocationProvider(  807): No APN found to select.
D/PhoneInterfaceManager( 1117): [PhoneIntfMgr] getDataEnabled: subId=1 phoneId=2147483647
D/PhoneInterfaceManager( 1117): [PhoneIntfMgr] getDataEnabled: subId=1 retVal=false
D/TelephonyManager(  807): getDataEnabled: retVal=false
E/GpsLocationProvider(  807): No APN found to select.
D/SprintDMReceiver( 4432): Received intent: android.net.conn.CONNECTIVITY_CHANGE
D/SprintDMHelper( 4432): simOperator:  IMSI: null
D/SprintDMReceiver( 4432): Not Sprint UICC, don't do anything.
I/ActivityManager(  807): Start proc 4449:com.google.android.apps.photos/u0a70 for broadcast com.google.android.apps.photos/.actionqueue.SystemReceiver
I/ActivityManager(  807): Killing 4091:com.verizon.omadm/u0a117 (adj 15): empty #17
I/art     (  369): Explicit concurrent mark sweep GC freed 709(30KB) AllocSpace objects, 0(0B) LOS objects, 40% free, 21MB/36MB, paused 227us total 12.770ms
I/art     (  369): Explicit concurrent mark sweep GC freed 5(160B) AllocSpace objects, 0(0B) LOS objects, 40% free, 21MB/36MB, paused 251us total 12.874ms
I/art     (  369): Explicit concurrent mark sweep GC freed 5(160B) AllocSpace objects, 0(0B) LOS objects, 40% free, 21MB/36MB, paused 212us total 9.919ms
I/wpa_supplicant( 1011): wlan0: Associated with 6c:40:08:a4:1e:5a
I/wpa_supplicant( 1011): wlan0: WPA: Key negotiation completed with 6c:40:08:a4:1e:5a [PTK=CCMP GTK=CCMP]
I/wpa_supplicant( 1011): wlan0: CTRL-EVENT-CONNECTED - Connection to 6c:40:08:a4:1e:5a completed [id=10 id_str=]
D/ConnectivityService(  807): registerNetworkAgent NetworkAgentInfo{ ni{[type: WIFI[], state: CONNECTING/CONNECTING, reason: (unspecified), extra: "Convivas Mac mini", roaming: false, failover: false, isAvailable: true, isConnectedToProvisioningNetwork: false]}  network{null}  lp{{InterfaceName: wlan0 LinkAddresses: []  Routes: [] DnsAddresses: [] Domains: null MTU: 0 TcpBufferSizes: 524288,2097152,4194304,262144,524288,1048576}}  nc{[ Transports: WIFI Capabilities: INTERNET&NOT_RESTRICTED&TRUSTED&NOT_VPN LinkUpBandwidth>=1048576Kbps LinkDnBandwidth>=1048576Kbps]}  Score{20}  everValidated{false}  lastValidated{false}  created{false}  explicitlySelected{false} }
E/WifiConfigStore(  807): saveWifiConfigBSSID Setting BSSID for "Convivas Mac mini"WPA_PSK to any
D/ConnectivityService(  807): NetworkAgentInfo [WIFI () - 101] EVENT_NETWORK_INFO_CHANGED, going from null to CONNECTING
E/WifiConfigStore(  807): saveWifiConfigBSSID Setting BSSID for "Convivas Mac mini"WPA_PSK to any
D/CommandListener(  353): Setting iface cfg
E/WifiStateMachine(  807): Start Dhcp Watchdog 2
E/WifiStateMachine(  807):  WifiLinkLayerStats: 
E/WifiStateMachine(  807):  my bss beacon rx: 588
E/WifiStateMachine(  807):  RSSI mgmt: -64
E/WifiStateMachine(  807):  BE :  rx=33593 tx=16131 lost=0 retries=4
E/WifiStateMachine(  807):  BK :  rx=0 tx=0 lost=0 retries=0
E/WifiStateMachine(  807):  VI :  rx=0 tx=0 lost=0 retries=0
E/WifiStateMachine(  807):  VO :  rx=0 tx=0 lost=0 retries=0
E/WifiStateMachine(  807):  on_time : 52297 tx_time=2426 rx_time=5782 scan_time=0
D/ConnectivityService(  807): updateNetworkScore for NetworkAgentInfo [WIFI () - 101] to 60
I/ActivityManager(  807): Killing 4108:com.android.cellbroadcastreceiver/u0a4 (adj 15): empty #17
E/native  (  807): do suspend false
E/WifiStateMachine(  807): scanCount==0 - aborting
I/iu.Environment( 1746): update connectivity state; isNetworkMetered? false, isRoaming? false, isBackgroundDataAllowed? false*
I/iu.UploadsManager( 1746): num queued entries: 0
I/iu.UploadsManager( 1746): num updated entries: 0
I/iu.SyncManager( 1746): NEXT; no task
D/ChimeraCfgMgr( 1746): Loading module com.google.android.gms.kids from APK com.google.android.gms
I/ActivityManager(  807): Start proc 4471:com.android.chrome/u0a40 for broadcast com.android.chrome/org.chromium.chrome.browser.precache.PrecacheServiceLauncher
I/ActivityManager(  807): Start proc 4491:com.google.android.apps.magazines/u0a66 for broadcast com.google.android.apps.magazines/com.google.apps.dots.android.newsstand.appwidget.NewsWidgetProvider
I/Babel   ( 3585): connection state changed from UNKNOWN to DISCONNECTED
I/ActivityManager(  807): Killing 4162:com.nexstreaming.app.nexplayersample/u0a122 (adj 15): empty #17
I/dhcpcd  ( 4504): version 5.5.6 starting
I/dhcpcd  ( 4504): wlan0: rebinding lease of 192.168.0.178
W/ActivityManager(  807): getRunningAppProcesses: caller 10066 does not hold REAL_GET_TASKS; limiting output
I/GAv4    ( 4491): Google Analytics 7.5.71 is starting up. To enable debug logging on a device run:
I/GAv4    ( 4491):   adb shell setprop log.tag.GAv4 DEBUG
I/GAv4    ( 4491):   adb logcat -s GAv4
W/GAv4    ( 4491): AnalyticsReceiver is not registered or is disabled. Register the receiver for reliable dispatching on non-Google Play devices. See http://goo.gl/8Rd3yj for instructions.
W/ActivityManager(  807): getRunningAppProcesses: caller 10066 does not hold REAL_GET_TASKS; limiting output
W/GAv4    ( 4491): CampaignTrackingReceiver is not registered, not exported or is disabled. Installation campaign tracking is not possible. See http://goo.gl/8Rd3yj for instructions.
W/GAv4    ( 4491): AnalyticsService not registered in the app manifest. Hits might not be delivered reliably. See http://goo.gl/8Rd3yj for instructions.
W/dhcpcd  ( 4504): wlan0: NAK: requested address incorrect from 192.168.2.1
I/WebViewFactory( 4491): Loading com.google.android.webview version 44.0.2403.90 (code 240309000)
I/LibraryLoader( 4491): Time to load native libraries: 1 ms (timestamps 7239-7240)
I/LibraryLoader( 4491): Expected native library version number "",actual native library version number ""
V/WebViewChromiumFactoryProvider( 4491): Binding Chromium to main looper Looper (main, tid 1) {1515ba3e}
I/LibraryLoader( 4491): Expected native library version number "",actual native library version number ""
I/chromium( 4491): [INFO:library_loader_hooks.cc(120)] Chromium logging enabled: level = 0, default verbosity = 0
I/BrowserStartupController( 4491): Initializing chromium process, singleProcess=true
W/art     ( 4491): Attempt to remove local handle scope entry from IRT, ignoring
E/SysUtils( 4491): ApplicationContext is null in ApplicationStatus
W/chromium( 4491): [WARNING:resource_bundle.cc(285)] locale_file_path.empty()
E/libEGL  ( 4491): validate_display:255 error 3008 (EGL_BAD_DISPLAY)
E/libEGL  ( 4491): validate_display:255 error 3008 (EGL_BAD_DISPLAY)
I/Adreno  ( 4491): EGLInit: QTI Build: 01/29/15, 1bccc5d, I0ba6dce82d
W/AudioManagerAndroid( 4491): Requires BLUETOOTH permission
I/art     (  807): Explicit concurrent mark sweep GC freed 62403(3MB) AllocSpace objects, 9(144KB) LOS objects, 31% free, 34MB/50MB, paused 2.112ms total 75.594ms
I/NSApplication( 4491): Starting up...
W/ActivityManager(  807): getRunningAppProcesses: caller 10066 does not hold REAL_GET_TASKS; limiting output
W/ActivityManager(  807): getRunningAppProcesses: caller 10066 does not hold REAL_GET_TASKS; limiting output
I/ActivityManager(  807): Start proc 4560:com.rhmsoft.fm:crash.feedback/u0a93 for broadcast com.rhmsoft.fm/com.cleanmaster.fm.receiver.ConnectivityChangeBroadcastReceiver
I/ActivityManager(  807): Killing 3677:com.google.android.apps.messaging/u0a74 (adj 15): empty #17
W/Settings( 4560): Setting android_id has moved from android.provider.Settings.System to android.provider.Settings.Secure, returning read-only value.
D/WifiService(  807): New client listening to asynchronous messages
I/ActivityManager(  807): Start proc 4583:com.gotv.crackle.handset/u0a88 for broadcast com.gotv.crackle.handset/com.gotv.crackle.util.LocalNotificationManager
I/ActivityManager(  807): Killing 4284:com.google.android.gms:car/u0a11 (adj 15): empty #17
V/MusicLeanback( 4134): onReceive: Intent { act=android.net.conn.CONNECTIVITY_CHANGE flg=0x4000010 cmp=com.google.android.music/.leanback.notifications.LeanbackRecommendationsService$LeanbackRecommendationReceiver (has extras) }
I/ActivityManager(  807): Killing 4224:android.process.acore/u0a5 (adj 15): empty #17
I/WebViewFactory( 4583): Loading com.google.android.webview version 44.0.2403.90 (code 240309000)
D/SprintDMReceiver( 4432): Received intent: android.net.conn.CONNECTIVITY_CHANGE
D/SprintDMHelper( 4432): simOperator:  IMSI: null
D/SprintDMReceiver( 4432): Not Sprint UICC, don't do anything.
I/LibraryLoader( 4583): Time to load native libraries: 1 ms (timestamps 7942-7943)
I/LibraryLoader( 4583): Expected native library version number "",actual native library version number ""
V/WebViewChromiumFactoryProvider( 4583): Binding Chromium to main looper Looper (main, tid 1) {85e1bcf}
I/LibraryLoader( 4583): Expected native library version number "",actual native library version number ""
I/chromium( 4583): [INFO:library_loader_hooks.cc(120)] Chromium logging enabled: level = 0, default verbosity = 0
D/ChimeraCfgMgr( 1746): Loading module com.google.android.gms.kids from APK com.google.android.gms
I/BrowserStartupController( 4583): Initializing chromium process, singleProcess=true
W/art     ( 4583): Attempt to remove local handle scope entry from IRT, ignoring
E/SysUtils( 4583): ApplicationContext is null in ApplicationStatus
W/chromium( 4583): [WARNING:resource_bundle.cc(285)] locale_file_path.empty()
E/libEGL  ( 4583): validate_display:255 error 3008 (EGL_BAD_DISPLAY)
E/libEGL  ( 4583): validate_display:255 error 3008 (EGL_BAD_DISPLAY)
I/Adreno  ( 4583): EGLInit: QTI Build: 01/29/15, 1bccc5d, I0ba6dce82d
W/AudioManagerAndroid( 4583): Requires BLUETOOTH permission
W/art     ( 4583): Attempt to remove local handle scope entry from IRT, ignoring
W/AwContents( 4583): onDetachedFromWindow called when already detached. Ignoring
W/chromium( 4583): [WARNING:data_reduction_proxy_config.cc(423)] SPDY proxy OFF at startup
W/ScreenOrientationListener( 4583): Removing an inexistent observer!
I/dhcpcd  ( 4504): wlan0: broadcasting for a lease
D/Finsky  ( 4245): [1] 8.onPostExecute: Successfully applied patch to update com.google.android.apps.plus (com.google.android.apps.plus)
D/Finsky  ( 4245): [1] InstallerTask.startInstaller: Begin install of com.google.android.apps.plus
V/NotificationService(  807): pkg=com.android.vending canInterrupt=false intercept=true
E/ExoPlayerImplInternal( 3317): Internal track renderer error.
I/OMX-VDEC-1080P(  357): omx_vdec::component_deinit() complete
I/OMX-VDEC-1080P(  357): Exit OMX vdec Destructor: fd=35
W/AudioPolicyManager(  357): unregisterEffect() unknown effect ID 34
I/art     (  807): Background sticky concurrent mark sweep GC freed 171682(6MB) AllocSpace objects, 16(2MB) LOS objects, 16% free, 41MB/49MB, paused 1.232ms total 102.317ms
I/ActivityManager(  807): Start proc 4645:com.android.defcontainer/u0a7 for service com.android.defcontainer/.DefaultContainerService
D/Finsky  ( 4245): [1] PackageVerificationReceiver.checkPrerequisites: Skipping verification because network inactive
D/PackageManager(  807): /data/app/vmdl1363005386.tmp already staged; skipping copy
D/Finsky  ( 4245): [1] PackageVerificationReceiver.checkPrerequisites: Skipping verification because network inactive
W/ActivityManager(  807): getRunningAppProcesses: caller 10166 does not hold REAL_GET_TASKS; limiting output
I/CONVIVA ( 3317): [Conviva] [1440050149.06] [INFO] [SDK] [Session] sid=1680375424 Send HB[10]
D/CONVIVA ( 3317): [Conviva] [1440050149.06] [NONE] [SDK] [Session] sid=1680375424 heartbeat to be sent: {"sdk":true,"sf":7,"url":"http:\/\/qthttp.apple.com.edgesuite.net\/1010qwoeiuryfg\/sl.m3u8","evs":[],"sid":1680375424,"clid":"79511.344738.2368548.12345679","t":"CwsSessionHb","lg":["[Conviva] [1440050144.06] [INFO] [SDK] [Session] sid=1680375424 Send HB[9]","[Conviva] [1440050144.06] [NONE] [SDK] request(): calling IHttpInterface:makeRequest","[Conviva] [1440050144.06] [ERROR] [SDK] [Session] sid=1680375424 received no response (or a bad response) to heartbeat POST request."],"pj":false,"tags":{"tag1":"test1","tag2":"test2"},"st":50005,"vid":"Dinesh-EXO","iid":895340196,"ps":98,"rs":"LEVEL3-VOD","clv":"2.98.0.26609","cid":"1a6d7f0de15335c201e8e9aacbc7a0952f5191d7","pm":{"dvma":"motorola","osv":"5.1.1","abm":"Nexus 6","sch":"sdk.android.1"},"pver":"1.7","cl":5365,"seq":10,"an":"Dinesh_Exo_SDK","cts":1.440050149056E9,"pn":"Dinesh Orange Player","br":3477,"lv":false}
D/CONVIVA ( 3317): [Conviva] [1440050149.06] [NONE] [SDK] request(): calling IHttpInterface:makeRequest
E/CONVIVA ( 3317): [Conviva] [1440050149.06] [ERROR] [SDK] [Session] sid=1680375424 received no response (or a bad response) to heartbeat POST request.
D/audio_hw_primary(  357): disable_audio_route: reset and update mixer path: low-latency-playback speaker
D/audio_hw_primary(  357): disable_snd_device: snd_device(2: speaker)
I/dhcpcd  ( 4504): wlan0: offered 192.168.2.10 from 192.168.2.1 `convivas-mini.symphonyteleca.com'
I/dhcpcd  ( 4504): wlan0: acknowledged 192.168.2.10 from 192.168.2.1 `convivas-mini.symphonyteleca.com'
I/dhcpcd  ( 4504): wlan0: leased 192.168.2.10 for 85536 seconds
D/ConnectivityService(  807): NetworkAgentInfo [WIFI () - 101] EVENT_NETWORK_INFO_CHANGED, going from CONNECTING to CONNECTED
E/WifiStateMachine(  807): Did not find remoteAddress {192.168.2.1} in /proc/net/arp
D/ConnectivityService(  807): Adding iface wlan0 to network 101
E/ConnectivityService(  807): Unexpected mtu value: 0, wlan0
D/ConnectivityService(  807): Adding Route [fe80::/64 -> :: wlan0] to network 101
D/ConnectivityService(  807): Adding Route [192.168.2.0/24 -> 0.0.0.0 wlan0] to network 101
D/ConnectivityService(  807): Adding Route [0.0.0.0/0 -> 192.168.2.1 wlan0] to network 101
D/ConnectivityService(  807): Setting Dns servers for network 101 to [/192.168.2.1]
D/ConnectivityService(  807): notifyType IP_CHANGED for NetworkAgentInfo [WIFI () - 101]
D/ConnectivityService(  807): notifyType PRECHECK for NetworkAgentInfo [WIFI () - 101]
D/NetworkMonitor/NetworkAgentInfo [WIFI () - 101](  807): DefaultState{ when=0 what=532481 target=com.android.internal.util.StateMachine$SmHandler }
D/NetworkMonitor/NetworkAgentInfo [WIFI () - 101](  807): Connected
D/NetworkMonitor/NetworkAgentInfo [WIFI () - 101](  807): EvaluatingState{ when=0 what=532486 arg1=1 target=com.android.internal.util.StateMachine$SmHandler }
D/NetworkMonitor/NetworkAgentInfo [WIFI () - 101](  807): Checking http://connectivitycheck.android.com/generate_204 on "Convivas Mac mini"
D/ConnectivityService(  807): rematching NetworkAgentInfo [WIFI () - 101]
D/ConnectivityService(  807):    accepting network in place of null
D/ConnectivityService(  807): Switching to new default network: NetworkAgentInfo{ ni{[type: WIFI[], state: CONNECTED/CONNECTED, reason: (unspecified), extra: "Convivas Mac mini", roaming: false, failover: false, isAvailable: true, isConnectedToProvisioningNetwork: false]}  network{101}  lp{{InterfaceName: wlan0 LinkAddresses: [fe80::ee88:92ff:fe6d:96b2/64,192.168.2.10/24,]  Routes: [fe80::/64 -> :: wlan0,192.168.2.0/24 -> 0.0.0.0 wlan0,0.0.0.0/0 -> 192.168.2.1 wlan0,] DnsAddresses: [192.168.2.1,] Domains:  MTU: 0 TcpBufferSizes: 524288,2097152,4194304,262144,524288,1048576}}  nc{[ Transports: WIFI Capabilities: INTERNET&NOT_RESTRICTED&TRUSTED&NOT_VPN LinkUpBandwidth>=1048576Kbps LinkDnBandwidth>=1048576Kbps]}  Score{100}  everValidated{false}  lastValidated{false}  created{true}  explicitlySelected{true} }
D/ConnectivityService(  807): notifyType AVAILABLE for NetworkAgentInfo [WIFI () - 101]
D/ConnectivityManager.CallbackHandler( 1037): CM callback handler got msg 524290
D/CSLegacyTypeTracker(  807): Sending connected broadcast for type 1 NetworkAgentInfo [WIFI () - 101] isDefaultNetwork=true
D/ConnectivityService(  807): sendStickyBroadcast: action=android.net.conn.CONNECTIVITY_CHANGE_IMMEDIATE
D/ConnectivityService(  807): sendStickyBroadcast: action=android.net.conn.CONNECTIVITY_CHANGE
D/Tethering(  807): MasterInitialState.processMessage what=3
I/NetworkMonitor( 4134): type=WIFI subType= reason=null isConnected=true
D/PhoneInterfaceManager( 1117): [PhoneIntfMgr] getDataEnabled: subId=1 phoneId=2147483647
D/PhoneInterfaceManager( 1117): [PhoneIntfMgr] getDataEnabled: subId=1 retVal=false
V/MusicLeanback( 4134): onReceive: Intent { act=android.net.conn.CONNECTIVITY_CHANGE flg=0x4000010 cmp=com.google.android.music/.leanback.notifications.LeanbackRecommendationsService$LeanbackRecommendationReceiver (has extras) }
D/TelephonyManager(  807): getDataEnabled: retVal=false
D/SprintDMReceiver( 4432): Received intent: android.net.conn.CONNECTIVITY_CHANGE
E/GpsLocationProvider(  807): No APN found to select.
D/SprintDMHelper( 4432): simOperator:  IMSI: null
D/SprintDMReceiver( 4432): Not Sprint UICC, don't do anything.
I/iu.Environment( 1746): update connectivity state; isNetworkMetered? false, isRoaming? false, isBackgroundDataAllowed? true*
I/iu.UploadsManager( 1746): num queued entries: 0
I/iu.UploadsManager( 1746): num updated entries: 0
I/iu.SyncManager( 1746): NEXT; no task
D/ChimeraCfgMgr( 1746): Loading module com.google.android.gms.kids from APK com.google.android.gms
D/ChimeraCfgMgr( 1746): Loading module com.google.android.gms.kids from APK com.google.android.gms
V/GLSActivity( 1507): AuthDelegateWrapperCreated with selected intent: Intent { cmp=com.google.android.gms/.auth.DefaultAuthDelegateService }
I/Kids    ( 1746): [KidAccountFixer] No accounts found
I/Babel   ( 3585): connection state changed from DISCONNECTED to CONNECTED
D/NetworkMonitor/NetworkAgentInfo [WIFI () - 101](  807): isCaptivePortal: ret=204 headers={null=[HTTP/1.1 204 No Content], Content-Length=[0], Date=[Thu, 20 Aug 2015 05:55:50 GMT], Proxy-Connection=[Keep-alive], Server=[GFE/2.0], X-Android-Received-Millis=[1440050150929], X-Android-Response-Source=[NETWORK 204], X-Android-Sent-Millis=[1440050150884]}
D/NetworkMonitor/NetworkAgentInfo [WIFI () - 101](  807): Validated
D/ConnectivityService(  807): setProvNotificationVisibleIntent: E visible=false networkType=0 extraInfo=null
D/ConnectivityService(  807): Validated NetworkAgentInfo [WIFI () - 101]
D/ConnectivityService(  807): rematching NetworkAgentInfo [WIFI () - 101]
D/ConnectivityService(  807): Network NetworkAgentInfo [WIFI () - 101] was already satisfying request 1. No change.
D/ConnectivityService(  807): notifyType AVAILABLE for NetworkAgentInfo [WIFI () - 101]
D/ConnectivityManager.CallbackHandler( 1037): CM callback handler got msg 524290
D/ConnectivityService(  807): sendStickyBroadcast: action=android.net.conn.INET_CONDITION_ACTION
V/Herrevad( 1746): [243] CaptivePortalReportService.onHandleIntent: Handle latency report/cp broadcast, intent: Intent { cmp=com.google.android.gms/.herrevad.services.CaptivePortalReportService (has extras) }
I/Herrevad( 1746): [243] CaptivePortalReportService.onHandleIntent: CP report successful
V/NQFileLogger( 1507): [166] e.a: about to write to file
D/GCM     ( 1507): Connected
D/GCM     ( 1507): Message class com.google.f.a.a.p
I/art     (  807): Background partial concurrent mark sweep GC freed 231657(10MB) AllocSpace objects, 16(3MB) LOS objects, 28% free, 39MB/55MB, paused 1.652ms total 105.931ms
D/PackageManager(  807): Renaming /data/app/vmdl1363005386.tmp to /data/app/com.google.android.apps.plus-2
I/ActivityManager(  807): Force stopping com.google.android.apps.plus appid=10073 user=-1: replace sys pkg
I/ActivityManager(  807): Killing 4308:com.google.android.apps.plus/u0a73 (adj 11): stop com.google.android.apps.plus
W/PackageManager(  807): Trying to update system app code path from /data/app/com.google.android.apps.plus-1 to /data/app/com.google.android.apps.plus-2
I/PackageManager(  807): Running dexopt on: /data/app/com.google.android.apps.plus-2/base.apk pkg=com.google.android.apps.plus isa=arm vmSafeMode=false
W/ActivityManager(  807): Spurious death for ProcessRecord{10251e95 4308:com.google.android.apps.plus/u0a73}, curProc for 4308: null
I/dex2oat ( 4706): /system/bin/dex2oat --zip-fd=6 --zip-location=/data/app/com.google.android.apps.plus-2/base.apk --oat-fd=7 --oat-location=/data/dalvik-cache/arm/data@app@com.google.android.apps.plus-2@base.apk@classes.dex --instruction-set=arm --instruction-set-features=div --runtime-arg -Xms64m --runtime-arg -Xmx512m --swap-fd=8
D/ConnectivityService(  807): NetTransition Wakelock (NetworkAgentInfo [WIFI () - 100] cleared because we found a replacement network
I/dex2oat ( 4706): Decided to run without swap.
E/WifiStateMachine(  807): WifiStateMachine CMD_START_SCAN source -2 txSuccessRate=264.39 rxSuccessRate=536.89 targetRoamBSSID=any RSSI=-65
E/WifiStateMachine(  807): WifiStateMachine L2Connected CMD_START_SCAN source -2 9, 10 -> obsolete
W/ActivityManager(  807): getRunningAppProcesses: caller 10166 does not hold REAL_GET_TASKS; limiting output
I/CONVIVA ( 3317): [Conviva] [1440050154.06] [INFO] [SDK] [Session] sid=1680375424 Send HB[11]
D/CONVIVA ( 3317): [Conviva] [1440050154.06] [NONE] [SDK] [Session] sid=1680375424 heartbeat to be sent: {"sdk":true,"sf":7,"url":"http:\/\/qthttp.apple.com.edgesuite.net\/1010qwoeiuryfg\/sl.m3u8","evs":[],"sid":1680375424,"clid":"79511.344738.2368548.12345679","t":"CwsSessionHb","lg":["[Conviva] [1440050149.06] [INFO] [SDK] [Session] sid=1680375424 Send HB[10]","[Conviva] [1440050149.06] [NONE] [SDK] request(): calling IHttpInterface:makeRequest","[Conviva] [1440050149.06] [ERROR] [SDK] [Session] sid=1680375424 received no response (or a bad response) to heartbeat POST request."],"pj":false,"tags":{"tag1":"test1","tag2":"test2"},"st":55005,"vid":"Dinesh-EXO","iid":895340196,"ps":98,"rs":"LEVEL3-VOD","clv":"2.98.0.26609","cid":"1a6d7f0de15335c201e8e9aacbc7a0952f5191d7","pm":{"dvma":"motorola","osv":"5.1.1","abm":"Nexus 6","sch":"sdk.android.1"},"pver":"1.7","cl":5365,"seq":11,"an":"Dinesh_Exo_SDK","cts":1.440050154056E9,"pn":"Dinesh Orange Player","br":3477,"lv":false}
D/CONVIVA ( 3317): [Conviva] [1440050154.06] [NONE] [SDK] request(): calling IHttpInterface:makeRequest
E/WifiStateMachine(  807): WifiStateMachine CMD_START_SCAN source -2 txSuccessRate=264.39 rxSuccessRate=536.89 targetRoamBSSID=any RSSI=-65
E/WifiStateMachine(  807): WifiStateMachine L2Connected CMD_START_SCAN source -2 8, 10 -> obsolete
D/CONVIVA ( 3317): [Conviva] [1440050155.11] [NONE] [SDK] [Session] sid=1680375424 onHeartbeatResponse(): received valid response for HB[11]
W/ActivityManager(  807): getRunningAppProcesses: caller 10166 does not hold REAL_GET_TASKS; limiting output
I/CONVIVA ( 3317): [Conviva] [1440050159.06] [INFO] [SDK] [Session] sid=1680375424 Send HB[12]
D/CONVIVA ( 3317): [Conviva] [1440050159.06] [NONE] [SDK] [Session] sid=1680375424 heartbeat to be sent: {"sdk":true,"sf":7,"url":"http:\/\/qthttp.apple.com.edgesuite.net\/1010qwoeiuryfg\/sl.m3u8","evs":[],"sid":1680375424,"clid":"79511.344738.2368548.12345679","t":"CwsSessionHb","lg":["[Conviva] [1440050154.06] [INFO] [SDK] [Session] sid=1680375424 Send HB[11]","[Conviva] [1440050154.06] [NONE] [SDK] request(): calling IHttpInterface:makeRequest","[Conviva] [1440050155.11] [NONE] [SDK] [Session] sid=1680375424 onHeartbeatResponse(): received valid response for HB[11]"],"pj":false,"tags":{"tag1":"test1","tag2":"test2"},"st":60005,"vid":"Dinesh-EXO","iid":895340196,"ps":98,"rs":"LEVEL3-VOD","clv":"2.98.0.26609","cid":"1a6d7f0de15335c201e8e9aacbc7a0952f5191d7","pm":{"dvma":"motorola","osv":"5.1.1","abm":"Nexus 6","sch":"sdk.android.1"},"pver":"1.7","cl":5365,"seq":12,"an":"Dinesh_Exo_SDK","cts":1.440050159056E9,"pn":"Dinesh Orange Player","br":3477,"lv":false}
D/CONVIVA ( 3317): [Conviva] [1440050159.06] [NONE] [SDK] request(): calling IHttpInterface:makeRequest
I/Keyboard.Facilitator.LanguageModelFlusher( 1244): run()
I/Keyboard.Facilitator( 1244): flushDynamicLanguageModels()
D/CONVIVA ( 3317): [Conviva] [1440050159.69] [NONE] [SDK] [Session] sid=1680375424 onHeartbeatResponse(): received valid response for HB[12]
I/dex2oat ( 4706): dex2oat took 11.194s (threads: 4) arena alloc=1662KB java alloc=19MB native alloc=31MB free=12MB
I/ActivityManager(  807): Force stopping com.google.android.apps.plus appid=10073 user=-1: update pkg
W/PackageManager(  807): Code path for pkg : com.google.android.apps.plus changing from /data/app/com.google.android.apps.plus-1 to /data/app/com.google.android.apps.plus-2
W/PackageManager(  807): Resource path for pkg : com.google.android.apps.plus changing from /data/app/com.google.android.apps.plus-1 to /data/app/com.google.android.apps.plus-2
W/PackageManager(  807): Unknown permission com.google.android.gallery3d.permission.PICASA_STORE in package com.google.android.apps.plus
W/PackageManager(  807): Invalid verification token 0 received
I/ActivityManager(  807): Force stopping com.google.android.apps.plus appid=10073 user=0: pkg removed
D/JobSchedulerService(  807): Receieved: android.intent.action.PACKAGE_REMOVED
D/BackupManagerService(  807): Received broadcast Intent { act=android.intent.action.PACKAGE_REMOVED dat=package:com.google.android.apps.plus flg=0x4000010 (has extras) }
I/InputReader(  807): Reconfiguring input devices.  changes=0x00000010
I/ActivityManager(  807): Start proc 4716:com.motorola.android.buacontactadapter/u0a111 for broadcast com.motorola.android.buacontactadapter/.BuaReceiver
I/InputReader(  807): Reconfiguring input devices.  changes=0x00000010
I/art     ( 1344): Explicit concurrent mark sweep GC freed 13709(1014KB) AllocSpace objects, 73(12MB) LOS objects, 14% free, 46MB/54MB, paused 393us total 53.805ms
I/art     ( 4245): Explicit concurrent mark sweep GC freed 19366(1454KB) AllocSpace objects, 1(16KB) LOS objects, 21% free, 28MB/36MB, paused 800us total 70.883ms
I/InputReader(  807): Reconfiguring input devices.  changes=0x00000010
W/Settings(  807): Setting install_non_market_apps has moved from android.provider.Settings.Global to android.provider.Settings.Secure, returning read-only value.
D/BuaReceiver( 4716): ====== got intent:Intent { act=android.intent.action.PACKAGE_REMOVED dat=package:com.google.android.apps.plus flg=0x4000010 cmp=com.motorola.android.buacontactadapter/.BuaReceiver (has extras) }
I/ActivityManager(  807): Start proc 4733:android.process.acore/u0a5 for broadcast com.android.providers.contacts/.PackageIntentReceiver
D/BackupManagerService(  807): Received broadcast Intent { act=android.intent.action.PACKAGE_ADDED dat=package:com.google.android.apps.plus flg=0x4000010 (has extras) }
W/BackupManagerService(  807): Removing schedule queue dupe of com.google.android.apps.plus
I/art     (  807): Explicit concurrent mark sweep GC freed 144489(7MB) AllocSpace objects, 9(1118KB) LOS objects, 31% free, 34MB/50MB, paused 1.754ms total 112.899ms
I/ContactLocale( 4733): AddressBook Labels [en-US]: [, A, B, C, D, E, F, G, H, I, J, K, L, M, N, O, P, Q, R, S, T, U, V, W, X, Y, Z, , , , , , , , , , , , , , , , , , , , , , , , , , , , , , , , , , , , , , , , , , , , , , , , , , , , , , , , , , , , , , , , , , , , , , , , , , , , , , , , , , , , , , , , , , , , , , , , , , , , , , , , , , , , , , , , , , , , , , , , , , , , , , , , , , , , , , , , , , , , , , , , , , , , , , , , , , , , , , , , , , , , , , , , , , , , , , , , , , , , , , , , , , , , #, ]
I/ActivityManager(  807): Start proc 4753:com.android.musicfx/u0a18 for broadcast com.android.musicfx/.Compatibility$Receiver
I/ActivityManager(  807): Killing 1463:com.google.android.googlequicksearchbox:search/u0a28 (adj 15): empty #17
D/Finsky  ( 4245): [1] 3.installSucceeded: Successful install of com.google.android.apps.plus
I/ActivityManager(  807): Start proc 4772:com.android.keychain/1000 for broadcast com.android.keychain/.KeyChainBroadcastReceiver
V/NotificationService(  807): pkg=com.android.vending canInterrupt=false intercept=true
I/ActivityManager(  807): Killing 2763:com.google.android.gm/u0a77 (adj 15): empty #17
I/Launcher( 1344): Deferring update until onResume
I/Launcher( 1344): Deferring update until onResume
W/ContextImpl( 4772): Calling a method in the system process without a qualified user: android.app.ContextImpl.startService:1692 android.content.ContextWrapper.startService:516 android.content.ContextWrapper.startService:516 com.android.keychain.KeyChainBroadcastReceiver.onReceive:12 android.app.ActivityThread.handleReceiver:2609 
E/NetworkScheduler.SchedulerReceiver( 1507): Invalid parameter app
E/NetworkScheduler.SchedulerReceiver( 1507): Invalid package name : Perhaps you didn't include a PendingIntent in the extras?
D/PackageBroadcastService( 1746): Received broadcast action=android.intent.action.PACKAGE_REMOVED and uri=com.google.android.apps.plus
D/ChimeraCfgMgr( 1746): Loading module com.google.android.gms.games from APK com.google.android.play.games
D/ChimeraModuleLdr( 1746): Module APK com.google.android.play.games already loaded
I/ActivityManager(  807): Killing 4185:com.google.android.gms.wearable/u0a11 (adj 15): empty #17
I/ConfigFetchService( 1746): onStartCommand Intent { act=android.intent.action.PACKAGE_REMOVED dat=package:com.google.android.apps.plus cmp=com.google.android.gms/.config.ConfigFetchService (has extras) }
I/ActivityManager(  807): Start proc 4791:com.google.android.apps.docs/u0a46 for broadcast com.google.android.apps.docs/.receivers.AppPackageAddRemoveReceiver
I/ActivityManager(  807): Killing 1728:com.google.android.calendar/u0a37 (adj 15): empty #17
W/ActivityManager(  807): getRunningAppProcesses: caller 10166 does not hold REAL_GET_TASKS; limiting output
I/CONVIVA ( 3317): [Conviva] [1440050164.06] [INFO] [SDK] [Session] sid=1680375424 Send HB[13]
D/CONVIVA ( 3317): [Conviva] [1440050164.06] [NONE] [SDK] [Session] sid=1680375424 heartbeat to be sent: {"sdk":true,"sf":7,"url":"http:\/\/qthttp.apple.com.edgesuite.net\/1010qwoeiuryfg\/sl.m3u8","evs":[],"sid":1680375424,"clid":"79511.344738.2368548.12345679","t":"CwsSessionHb","lg":["[Conviva] [1440050159.06] [INFO] [SDK] [Session] sid=1680375424 Send HB[12]","[Conviva] [1440050159.06] [NONE] [SDK] request(): calling IHttpInterface:makeRequest","[Conviva] [1440050159.69] [NONE] [SDK] [Session] sid=1680375424 onHeartbeatResponse(): received valid response for HB[12]"],"pj":false,"tags":{"tag1":"test1","tag2":"test2"},"st":65005,"vid":"Dinesh-EXO","iid":895340196,"ps":98,"rs":"LEVEL3-VOD","clv":"2.98.0.26609","cid":"1a6d7f0de15335c201e8e9aacbc7a0952f5191d7","pm":{"dvma":"motorola","osv":"5.1.1","abm":"Nexus 6","sch":"sdk.android.1"},"pver":"1.7","cl":5365,"seq":13,"an":"Dinesh_Exo_SDK","cts":1.440050164056E9,"pn":"Dinesh Orange Player","br":3477,"lv":false}
D/CONVIVA ( 3317): [Conviva] [1440050164.06] [NONE] [SDK] request(): calling IHttpInterface:makeRequest
W/ActivityManager(  807): getRunningAppProcesses: caller 10046 does not hold REAL_GET_TASKS; limiting output
W/ActivityManager(  807): getRunningAppProcesses: caller 10046 does not hold REAL_GET_TASKS; limiting output
W/ActivityManager(  807): getRunningAppProcesses: caller 10046 does not hold REAL_GET_TASKS; limiting output
D/PhoneStatusBar( 1037): disable: < expand icons* alerts system_info* back home recent clock search >
W/InputMethodManagerService(  807): Window already focused, ignoring focus gain of: com.android.internal.view.IInputMethodClient$Stub$Proxy@19ab479a attribute=null, token = android.os.BinderProxy@f929f8c
I/GAv4    ( 4791): Google Analytics 7.8.84 is starting up. To enable debug logging on a device run:
I/GAv4    ( 4791):   adb shell setprop log.tag.GAv4 DEBUG
I/GAv4    ( 4791):   adb logcat -s GAv4
W/GAv4    ( 4791): AnalyticsReceiver is not registered or is disabled. Register the receiver for reliable dispatching on non-Google Play devices. See http://goo.gl/8Rd3yj for instructions.
W/ActivityManager(  807): getRunningAppProcesses: caller 10046 does not hold REAL_GET_TASKS; limiting output
W/GAv4    ( 4791): CampaignTrackingReceiver is not registered, not exported or is disabled. Installation campaign tracking is not possible. See http://goo.gl/8Rd3yj for instructions.
W/GAv4    ( 4791): AnalyticsService not registered in the app manifest. Hits might not be delivered reliably. See http://goo.gl/8Rd3yj for instructions.
W/AnalyticsTrackerProxyImpl( 4791): Analytics setup for ID UA-21125203-2, app name Drive, version 2.3.283.23.30
D/CONVIVA ( 3317): [Conviva] [1440050164.91] [NONE] [SDK] [Session] sid=1680375424 onHeartbeatResponse(): received valid response for HB[13]
W/ResourcesManager( 4791): Asset path '/system/framework/com.android.media.remotedisplay.jar' does not exist or contains no resources.
W/ResourcesManager( 4791): Asset path '/system/framework/com.android.location.provider.jar' does not exist or contains no resources.
I/ActivityManager(  807): Start proc 4828:com.google.android.googlequicksearchbox:search/u0a28 for broadcast com.google.android.googlequicksearchbox/com.google.android.search.core.icingsync.IcingCorporaChangedReceiver
I/ActivityManager(  807): Killing 3821:com.blackberry.calendar/u0a99 (adj 15): empty #17
I/art     (  369): Explicit concurrent mark sweep GC freed 709(30KB) AllocSpace objects, 0(0B) LOS objects, 40% free, 21MB/36MB, paused 324us total 14.833ms
I/art     (  369): Explicit concurrent mark sweep GC freed 5(160B) AllocSpace objects, 0(0B) LOS objects, 40% free, 21MB/36MB, paused 696us total 13.425ms
I/art     (  369): Explicit concurrent mark sweep GC freed 5(160B) AllocSpace objects, 0(0B) LOS objects, 40% free, 21MB/36MB, paused 318us total 13.296ms
V/JNIHelp ( 4791): Registering com/google/android/gms/org/conscrypt/NativeCrypto's 227 native methods...
I/ProviderInstaller( 4791): Installed default security provider GmsCore_OpenSSL
I/ActivityManager(  807): Killing 1796:com.android.providers.calendar/u0a3 (adj 15): empty #17
W/Launcher( 1344): setApplicationContext called twice! old=com.google.android.velvet.VelvetApplication@3753b73 new=com.google.android.velvet.VelvetApplication@3753b73
V/GLSActivity( 1507): AuthDelegateWrapperCreated with selected intent: Intent { cmp=com.google.android.gms/.auth.DefaultAuthDelegateService }
I/ActivityManager(  807): Start proc 4849:com.google.android.apps.plus/u0a73 for broadcast com.google.android.apps.plus/.service.PackagesMediaMonitor
W/ResourcesManager( 4849): Asset path '/system/framework/com.google.android.maps.jar' does not exist or contains no resources.
I/ActivityManager(  807): Start proc 4873:com.blackberry.infrastructure/u0a91 for broadcast com.blackberry.infrastructure/com.blackberry.account.service.AccountBroadcastReceiver
I/art     ( 4873): Late-enabling -Xcheck:jni
I/ActivityManager(  807): Killing 4134:com.google.android.music:main/u0a65 (adj 15): empty #17
I/ExoPlayerActivity( 3317): cleanupStreamerAndFinish() called
I/ExoPlayerActivity( 3317): cleanupStreamer() called
I/SDKIntegration( 3317): onPlayerContentStreamerDestroy called
I/ExoPlayerActivity( 3317): onRestoreEventListner called
V/ExoPlayerActivity( 3317): mGenericStreamer release.
D/SessionManager( 3317): cleanup session: 0
I/CONVIVA ( 3317): [Conviva] [1440050165.64] [INFO] [SDK] [SessionFactory] session id(0) is cleaned up and removed from sessionFactory
I/CONVIVA ( 3317): [Conviva] [1440050165.64] [INFO] [SDK] [Session] sid=1680375424 Session.cleanup()
D/CONVIVA ( 3317): [Conviva] [1440050165.64] [NONE] [SDK] [Session] sid=1680375424 Schedule the last hb before session cleanup
I/CONVIVA ( 3317): [Conviva] [1440050165.64] [INFO] [SDK] [Session] sid=1680375424 cws.sendSessionEndEvent()
I/CONVIVA ( 3317): [Conviva] [1440050165.64] [INFO] [SDK] [Session] sid=1680375424 Send HB[14]
D/CONVIVA ( 3317): [Conviva] [1440050165.64] [NONE] [SDK] [Session] sid=1680375424 heartbeat to be sent: {"sdk":true,"sf":7,"url":"http:\/\/qthttp.apple.com.edgesuite.net\/1010qwoeiuryfg\/sl.m3u8","evs":[{"seq":7,"st":66590,"t":"CwsSessionEndEvent"}],"sid":1680375424,"clid":"79511.344738.2368548.12345679","t":"CwsSessionHb","lg":["[Conviva] [1440050164.06] [INFO] [SDK] [Session] sid=1680375424 Send HB[13]","[Conviva] [1440050164.06] [NONE] [SDK] request(): calling IHttpInterface:makeRequest","[Conviva] [1440050164.91] [NONE] [SDK] [Session] sid=1680375424 onHeartbeatResponse(): received valid response for HB[13]","[Conviva] [1440050165.64] [INFO] [SDK] [SessionFactory] session id(0) is cleaned up and removed from sessionFactory","[Conviva] [1440050165.64] [INFO] [SDK] [Session] sid=1680375424 Session.cleanup()","[Conviva] [1440050165.64] [NONE] [SDK] [Session] sid=1680375424 Schedule the last hb before session cleanup","[Conviva] [1440050165.64] [INFO] [SDK] [Session] sid=1680375424 cws.sendSessionEndEvent()"],"pj":false,"tags":{"tag1":"test1","tag2":"test2"},"st":66590,"vid":"Dinesh-EXO","iid":895340196,"ps":98,"rs":"LEVEL3-VOD","clv":"2.98.0.26609","cid":"1a6d7f0de15335c201e8e9aacbc7a0952f5191d7","pm":{"dvma":"motorola","osv":"5.1.1","abm":"Nexus 6","sch":"sdk.android.1"},"pver":"1.7","cl":5365,"seq":14,"an":"Dinesh_Exo_SDK","cts":1.440050165641E9,"pn":"Dinesh Orange Player","br":3477,"lv":false}
D/CONVIVA ( 3317): [Conviva] [1440050165.64] [NONE] [SDK] request(): calling IHttpInterface:makeRequest
I/CONVIVA ( 3317): [Conviva] [1440050165.64] [INFO] [SDK] [Monitor] sid=1680375424 cleanup()
I/CONVIVA ( 3317): [Conviva] [1440050165.64] [INFO] [SDK] [Client] release()
