I/BBExchange( 3901): com.blackberry.eas.service.syncadapter.EmailSyncAdapterService::onCreate()
I/BrowserStartupController( 3846): Initializing chromium process, singleProcess=true
W/art     ( 3846): Attempt to remove local handle scope entry from IRT, ignoring
E/SysUtils( 3846): ApplicationContext is null in ApplicationStatus
I/VideoCapabilities( 3317): Unsupported profile 4 for video/mp4v-es
W/chromium( 3846): [WARNING:resource_bundle.cc(285)] locale_file_path.empty()
E/libEGL  ( 3846): validate_display:255 error 3008 (EGL_BAD_DISPLAY)
E/libEGL  ( 3846): validate_display:255 error 3008 (EGL_BAD_DISPLAY)
D/CONVIVA ( 3317): [Conviva] [1440050100.62] [NONE] [SDK] [Monitor] sid=1680375424 OnPlayerStateChange(): BUFFERING
I/CONVIVA ( 3317): [Conviva] [1440050100.62] [INFO] [SDK] [Monitor] sid=1680375424 SetPlayerState(): changing player state from UNKNOWN to BUFFERING
I/Adreno  ( 3846): EGLInit: QTI Build: 01/29/15, 1bccc5d, I0ba6dce82d
W/AudioManagerAndroid( 3846): Requires BLUETOOTH permission
W/art     ( 3846): Attempt to remove local handle scope entry from IRT, ignoring
W/AwContents( 3846): onDetachedFromWindow called when already detached. Ignoring
W/chromium( 3846): [WARNING:data_reduction_proxy_config.cc(423)] SPDY proxy OFF at startup
W/ScreenOrientationListener( 3846): Removing an inexistent observer!
D/CONVIVA ( 3317): [Conviva] [1440050101.82] [NONE] [SDK] [Monitor] sid=1680375424 setBitrateKbps()
I/CONVIVA ( 3317): [Conviva] [1440050101.82] [INFO] [SDK] [Monitor] sid=1680375424 Change bitrate from -1 to 688
I/OMXClient( 3317): Using client-side OMX mux.
D/audio_hw_primary(  357): disable_audio_route: reset and update mixer path: low-latency-playback speaker
D/audio_hw_primary(  357): disable_snd_device: snd_device(2: speaker)
I/OMX-VDEC-1080P(  357): component_init: OMX.qcom.video.decoder.avc : fd=36
I/OMX-VDEC-1080P(  357): Capabilities: driver_name = msm_vidc_driver, card = msm_vdec_8974, bus_info = , version = 1, capabilities = 4003000
I/OMX-VDEC-1080P(  357): omx_vdec::component_init() success : fd=36
I/OMXClient( 3317): Using client-side OMX mux.
E/OMXMaster( 3317): A component of name 'OMX.qcom.audio.decoder.aac' already exists, ignoring this one.
I/SoftAAC2( 3317): Reconfiguring decoder: 0->48000 Hz, 0->2 channels
E/        (  357): not in avi mode
E/        (  357): not in avi mode
D/CONVIVA ( 3317): [Conviva] [1440050102.30] [NONE] [SDK] [Monitor] sid=1680375424 OnPlayerStateChange(): PLAYING
I/CONVIVA ( 3317): [Conviva] [1440050102.30] [INFO] [SDK] [Monitor] sid=1680375424 TogglePauseJoin()
I/CONVIVA ( 3317): [Conviva] [1440050102.30] [INFO] [SDK] [Monitor] sid=1680375424 TogglePauseJoin(): same value ignoring
I/CONVIVA ( 3317): [Conviva] [1440050102.30] [INFO] [SDK] [Monitor] sid=1680375424 SetPlayerState(): changing player state from BUFFERING to PLAYING
I/CONVIVA ( 3317): [Conviva] [1440050102.30] [INFO] [SDK] [Monitor] sid=1680375424 onMetadata(): Received duration metadata: 5365
D/audio_hw_primary(  357): out_set_parameters: enter: usecase(1: low-latency-playback) kvpairs: routing=2
D/audio_hw_primary(  357): select_devices: out_snd_device(2: speaker) in_snd_device(0: none)
D/msm8974_platform(  357): platform_send_audio_calibration: sending audio calibration for snd_device(2) acdb_id(15)
E/ACDB-LOADER(  357): Error: ACDB AFE returned = -19
D/audio_hw_primary(  357): enable_snd_device: snd_device(2: speaker)
D/audio_hw_primary(  357): enable_audio_route: apply and update mixer path: low-latency-playback speaker
I/ActivityManager(  807): Start proc 3969:com.google.android.keep/u0a78 for service com.google.android.keep/.service.ReminderLoggingService
I/ActivityManager(  807): Killing 3408:com.google.android.deskclock/u0a44 (adj 15): empty #17
I/iu.UploadsManager( 1746): End new media; added: 0, uploading: 0, time: 61 ms
I/CONVIVA ( 3317): [Conviva] [1440050104.06] [INFO] [SDK] [Session] sid=1680375424 Send HB[1]
D/CONVIVA ( 3317): [Conviva] [1440050104.06] [NONE] [SDK] [Session] sid=1680375424 heartbeat to be sent: {"sdk":true,"sf":7,"url":"http:\/\/qthttp.apple.com.edgesuite.net\/1010qwoeiuryfg\/sl.m3u8","evs":[{"seq":1,"st":5,"t":"CwsStateChangeEvent","new":{"ps":100},"old":{"ps":98}},{"seq":2,"st":1570,"t":"CwsStateChangeEvent","new":{"ps":6},"old":{"ps":100}},{"seq":3,"st":2767,"t":"CwsStateChangeEvent","new":{"br":688}},{"seq":4,"st":3249,"t":"CwsStateChangeEvent","new":{"ps":3},"old":{"ps":6}}],"sid":1680375424,"clid":"79511.344738.2368548.12345679","t":"CwsSessionHb","lg":["[Conviva] [1440050098.99] [INFO] [SDK] [Client] init(): url=http:\/\/touchstone.conviva.com customerKey=1a6d7f0de15335c201e8e9aacbc7a0952f5191d7","[Conviva] [1440050098.99] [NONE] [SDK] createTimer(): calling TimerInterface.createTimer","[Conviva] [1440050098.99] [NONE] [SDK] load(): calling StorageInterface.loadData","[Conviva] [1440050099.00] [INFO] [SDK] [Config] parse(): setting the client id to 79511.344738.2368548.12345679 (from local storage)","[Conviva] [1440050099.00] [NONE] [SDK] [Config] load(): configuration successfully loaded from local storage.","[Conviva] [1440050099.00] [INFO] [SDK] [Client] init(): done.","[Conviva] [1440050099.05] [INFO] [SDK] [Session] sid=1680375424 Session.start(): assetName=Dinesh_Exo_SDK","[Conviva] [1440050099.05] [INFO] [SDK] [Monitor] sid=1680375424 monitor starts","[Conviva] [1440050099.05] [NONE] [SDK] [Monitor] sid=1680375424 setResource()","[Conviva] [1440050099.05] [INFO] [SDK] [Monitor] sid=1680375424 Change resource from null to LEVEL3-VOD","[Conviva] [1440050099.05] [NONE] [SDK] retrieve(): calling MetadataInterface methods","[Conviva] [1440050099.05] [INFO] [SDK] [Session] sid=1680375424 Send HB[0]","[Conviva] [1440050099.05] [NONE] [SDK] request(): calling IHttpInterface:makeRequest","[Conviva] [1440050099.06] [NONE] [SDK] createTimer(): calling TimerInterface.createTimer","[Conviva] [1440050099.06] [INFO] [SDK] [Monitor] sid=1680375424 attachPlayer()","[Conviva] [1440050099.06] [NONE] [SDK] [Monitor] sid=1680375424 OnPlayerStateChange(): UNKNOWN","[Conviva] [1440050099.06] [INFO] [SDK] [Monitor] sid=1680375424 SetPlayerState(): changing player state from NOT_MONITORED to UNKNOWN","[Conviva] [1440050099.65] [NONE] [SDK] [Session] sid=1680375424 onHeartbeatResponse(): received valid response for HB[0]","[Conviva] [1440050099.65] [INFO] [SDK] [Session] sid=1680375424 Turning on sending of logs","[Conviva] [1440050100.62] [NONE] [SDK] [Monitor] sid=1680375424 OnPlayerStateChange(): BUFFERING","[Conviva] [1440050100.62] [INFO] [SDK] [Monitor] sid=1680375424 SetPlayerState(): changing player state from UNKNOWN to BUFFERING","[Conviva] [1440050101.82] [NONE] [SDK] [Monitor] sid=1680375424 setBitrateKbps()","[Conviva] [1440050101.82] [INFO] [SDK] [Monitor] sid=1680375424 Change bitrate from -1 to 688","[Conviva] [1440050102.30] [NONE] [SDK] [Monitor] sid=1680375424 OnPlayerStateChange(): PLAYING","[Conviva] [1440050102.30] [INFO] [SDK] [Monitor] sid=1680375424 TogglePauseJoin()","[Conviva] [1440050102.30] [INFO] [SDK] [Monitor] sid=1680375424 TogglePauseJoin(): same value ignoring","[Conviva] [1440050102.30] [INFO] [SDK] [Monitor] sid=1680375424 SetPlayerState(): changing player state from BUFFERING to PLAYING","[Conviva] [1440050102.30] [INFO] [SDK] [Monitor] sid=1680375424 onMetadata(): Received duration metadata: 5365"],"pj":false,"tags":{"tag1":"test1","tag2":"test2"},"st":5006,"vid":"Dinesh-EXO","iid":895340196,"ps":3,"rs":"LEVEL3-VOD","clv":"2.98.0.26609","cid":"1a6d7f0de15335c201e8e9aacbc7a0952f5191d7","pm":{"osv":"5.1.1","fwv":"1.3.3","fw":"ExoPlayer","sch":"sdk.android.1","dvma":"motorola","abm":"Nexus 6"},"pver":"1.7","cl":5365,"seq":1,"an":"Dinesh_Exo_SDK","cts":1.440050104057E9,"pn":"Dinesh Orange Player","br":688,"lv":false}
D/CONVIVA ( 3317): [Conviva] [1440050104.06] [NONE] [SDK] request(): calling IHttpInterface:makeRequest
E/WifiStateMachine(  807): WifiStateMachine CMD_START_SCAN source -2 txSuccessRate=377.49 rxSuccessRate=721.58 targetRoamBSSID=any RSSI=-49
D/CONVIVA ( 3317): [Conviva] [1440050104.62] [NONE] [SDK] [Session] sid=1680375424 onHeartbeatResponse(): received valid response for HB[1]
I/InputReader(  807): Reconfiguring input devices.  changes=0x00000010
D/BackupManagerService(  807): Received broadcast Intent { act=android.intent.action.PACKAGE_CHANGED dat=package:com.google.android.gms flg=0x4000010 (has extras) }
I/BackupManagerService(  807): Unbinding ComponentInfo{com.google.android.gms/com.google.android.gms.backup.BackupTransportService}
I/BackupManagerService(  807): Binding to transport host ComponentInfo{com.google.android.gms/com.google.android.gms.backup.BackupTransportService}
V/BackupManagerService(  807): Connected to transport ComponentInfo{com.google.android.gms/com.google.android.gms.backup.BackupTransportService}
V/BackupManagerService(  807): Registering transport com.google.android.gms/.backup.BackupTransportService::com.google.android.gms/.backup.BackupTransportService = com.android.internal.backup.IBackupTransport$Stub$Proxy@2515b77a
V/GmsNetworkLocationProvi( 1407): DISABLE
I/GCoreNlp( 1407): shouldConfirmNlp, NLP off. Ensuring opt-in disabled
I/Launcher( 1344): Deferring update until onResume
E/DataBuffer( 3969): Internal data leak within a DataBuffer object detected!  Be sure to explicitly call release() on all DataBuffer extending objects when you are done with them. (com.google.android.gms.reminders.model.RemindersBuffer@285bdf60)
I/ActivityManager(  807): Waited long enough for: ServiceRecord{13e91841 u0 org.simalliance.openmobileapi.service/.SmartcardService}
I/ActivityManager(  807): Resuming delayed broadcast
I/ActivityManager(  807): Start proc 4005:com.google.android.apps.photos/u0a70 for broadcast com.google.android.apps.photos/.actionqueue.InternalReceiver
W/ActivityManager(  807): getRunningAppProcesses: caller 10166 does not hold REAL_GET_TASKS; limiting output
I/CONVIVA ( 3317): [Conviva] [1440050109.06] [INFO] [SDK] [Session] sid=1680375424 Send HB[2]
D/CONVIVA ( 3317): [Conviva] [1440050109.06] [NONE] [SDK] [Session] sid=1680375424 heartbeat to be sent: {"sdk":true,"sf":7,"url":"http:\/\/qthttp.apple.com.edgesuite.net\/1010qwoeiuryfg\/sl.m3u8","evs":[],"sid":1680375424,"clid":"79511.344738.2368548.12345679","t":"CwsSessionHb","lg":["[Conviva] [1440050104.06] [INFO] [SDK] [Session] sid=1680375424 Send HB[1]","[Conviva] [1440050104.06] [NONE] [SDK] request(): calling IHttpInterface:makeRequest","[Conviva] [1440050104.62] [NONE] [SDK] [Session] sid=1680375424 onHeartbeatResponse(): received valid response for HB[1]"],"pj":false,"tags":{"tag1":"test1","tag2":"test2"},"st":10006,"vid":"Dinesh-EXO","iid":895340196,"ps":3,"rs":"LEVEL3-VOD","clv":"2.98.0.26609","cid":"1a6d7f0de15335c201e8e9aacbc7a0952f5191d7","pm":{"osv":"5.1.1","fwv":"1.3.3","fw":"ExoPlayer","sch":"sdk.android.1","dvma":"motorola","abm":"Nexus 6"},"pver":"1.7","cl":5365,"seq":2,"an":"Dinesh_Exo_SDK","cts":1.440050109057E9,"pn":"Dinesh Orange Player","br":688,"lv":false}
D/CONVIVA ( 3317): [Conviva] [1440050109.06] [NONE] [SDK] request(): calling IHttpInterface:makeRequest
I/ActivityManager(  807): Delay finish: com.google.android.apps.photos/.actionqueue.InternalReceiver
I/ActivityManager(  807): Resuming delayed broadcast
I/ActivityManager(  807): Delay finish: com.google.android.apps.photos/.jobqueue.JobServiceBroadcastReceiverInternal
I/ActivityManager(  807): Resuming delayed broadcast
I/ActivityManager(  807): Killing 3213:com.google.android.apps.plus/u0a73 (adj 15): empty #17
I/ActivityManager(  807): Delay finish: com.android.providers.calendar/.CalendarProviderBroadcastReceiver
I/ActivityManager(  807): Waited long enough for: ServiceRecord{20ec0234 u0 com.qualcomm.atfwd/.AtFwdService}
I/ActivityManager(  807): Resuming delayed broadcast
E/SQLiteLog( 1796): (284) automatic index on view_events(_id)
V/UserPresentBroadcastReceiver( 1407): Received Intent { act=android.intent.action.USER_PRESENT flg=0x24000010 cmp=com.google.android.gms/.auth.trustagent.UserPresentBroadcastReceiver }.
I/ActivityManager(  807): Delay finish: com.google.android.gm/.MailIntentReceiver
I/ActivityManager(  807): Resuming delayed broadcast
I/ActivityManager(  807): Delay finish: com.google.android.gm/.widget.GmailWidgetProvider
I/ActivityManager(  807): Resuming delayed broadcast
I/ActivityManager(  807): Start proc 4036:com.motorola.service.ims/1001 for broadcast com.motorola.service.ims/.DeviceBoot
W/ResourcesManager( 4036): Asset path '/system/framework/rcsservice.jar' does not exist or contains no resources.
W/ResourcesManager( 4036): Asset path '/system/framework/rcsimssettings.jar' does not exist or contains no resources.
W/ResourcesManager( 4036): Asset path '/system/framework/com.motorola.ims.rcsmanager.jar' does not exist or contains no resources.
D/CONVIVA ( 3317): [Conviva] [1440050109.66] [NONE] [SDK] [Session] sid=1680375424 onHeartbeatResponse(): received valid response for HB[2]
I/ActivityManager(  807): Start proc 4057:com.google.android.partnersetup/u0a16 for broadcast com.google.android.partnersetup/.PhoneStateReceiver
I/ActivityManager(  807): Killing 3439:com.google.android.apps.maps/u0a64 (adj 15): empty #17
I/ActivityManager(  807): Start proc 4074:com.android.sdm.plugins.sprintdm/1001 for broadcast com.android.sdm.plugins.sprintdm/.SprintDMReceiver
I/ActivityManager(  807): Killing 3456:com.google.android.gm.exchange/u0a76 (adj 15): empty #17
I/art     (  369): Explicit concurrent mark sweep GC freed 706(30KB) AllocSpace objects, 0(0B) LOS objects, 40% free, 21MB/36MB, paused 359us total 17.163ms
I/art     (  369): Explicit concurrent mark sweep GC freed 5(160B) AllocSpace objects, 0(0B) LOS objects, 40% free, 21MB/36MB, paused 386us total 21.178ms
I/art     (  369): Explicit concurrent mark sweep GC freed 5(160B) AllocSpace objects, 0(0B) LOS objects, 40% free, 21MB/36MB, paused 336us total 15.957ms
D/SprintDMReceiver( 4074): Received intent: android.intent.action.SIM_STATE_CHANGED
D/SprintDMHelper( 4074): simOperator:  IMSI: null
D/SprintDMReceiver( 4074): Not Sprint UICC, don't do anything.
I/ActivityManager(  807): Start proc 4091:com.verizon.omadm/u0a117 for broadcast com.verizon.omadm/.DmConfigReceiver
I/ActivityManager(  807): Killing 3624:com.google.android.apps.gcs/u0a112 (adj 15): empty #17
I/ActivityManager(  807): Waited long enough for: ServiceRecord{3ce3dc00 u0 com.google.android.calendar/com.android.calendar.alerts.InitAlarmsService}
I/ActivityManager(  807): Start proc 4108:com.android.cellbroadcastreceiver/u0a4 for broadcast com.android.cellbroadcastreceiver/.CellBroadcastReceiver
I/ActivityManager(  807): Killing 2867:android.process.acore/u0a5 (adj 15): empty #17
I/art     (  807): Explicit concurrent mark sweep GC freed 24187(1717KB) AllocSpace objects, 0(0B) LOS objects, 31% free, 34MB/50MB, paused 1.883ms total 93.262ms
D/CellBroadcastReceiver( 4108): onReceive Intent { act=android.intent.action.SERVICE_STATE flg=0x10 cmp=com.android.cellbroadcastreceiver/.CellBroadcastReceiver (has extras) }
D/CellBroadcastReceiver( 4108): Intent ACTION_SERVICE_STATE_CHANGED
D/CellBroadcastReceiver( 4108): Service state changed! 3 Full: 3 3 voice home data home null null null null null null  Unknown Unknown CSS not supported -1 -1 RoamInd=-1 DefRoamInd=-1 EmergOnly=false Current state=-1
I/ActivityManager(  807): Killing 3701:com.google.android.apps.walletnfcrel/u0a30 (adj 15): empty #17
I/art     ( 4036): System.exit called, status: 0
I/AndroidRuntime( 4036): VM exiting with result code 0, cleanup skipped.
D/SIP     ( 1117): [SipSharedPreferences] isReceivingCallsEnabled, option not set; use default value, exception: android.provider.Settings$SettingNotFoundException: sip_receive_calls
I/ActivityManager(  807): Process com.motorola.service.ims (pid 4036) has died
D/SprintDMReceiver( 4074): Received intent: android.intent.action.SIM_STATE_CHANGED
D/SprintDMHelper( 4074): simOperator:  IMSI: null
D/SprintDMReceiver( 4074): Not Sprint UICC, don't do anything.
D/CellBroadcastReceiver( 4108): onReceive Intent { act=android.intent.action.SERVICE_STATE flg=0x10 cmp=com.android.cellbroadcastreceiver/.CellBroadcastReceiver (has extras) }
D/CellBroadcastReceiver( 4108): Intent ACTION_SERVICE_STATE_CHANGED
D/CellBroadcastReceiver( 4108): Service state changed! 1 Full: 1 1 voice home data home null null 00000 null null 00000  Unknown Unknown CSS not supported 0 0 RoamInd=1 DefRoamInd=0 EmergOnly=false Current state=-1
I/ActivityManager(  807): Start proc 4134:com.google.android.music:main/u0a65 for broadcast com.google.android.music/.store.MediaStoreImportService$Receiver
D/GCM     ( 1507): Connected
D/GCM     ( 1507): Message class com.google.f.a.a.p
I/MusicStore( 4134): Database version: 120
W/ActivityManager(  807): getRunningAppProcesses: caller 10065 does not hold REAL_GET_TASKS; limiting output
W/ResourcesManager( 4134): Asset path '/system/framework/com.android.media.remotedisplay.jar' does not exist or contains no resources.
W/ResourcesManager( 4134): Asset path '/system/framework/com.android.location.provider.jar' does not exist or contains no resources.
V/JNIHelp ( 4134): Registering com/google/android/gms/org/conscrypt/NativeCrypto's 227 native methods...
I/ProviderInstaller( 4134): Installed default security provider GmsCore_OpenSSL
D/AndroidMusic( 4134): GMSCore installation verified
I/ConfigStore( 4134): Config Database version: 1
I/art     ( 1507): Explicit concurrent mark sweep GC freed 19461(1089KB) AllocSpace objects, 3(48KB) LOS objects, 38% free, 25MB/41MB, paused 1.385ms total 56.429ms
I/MediaRouter( 4134): Found default route: MediaRouter.RouteInfo{ uniqueId=android/.support.v7.media.SystemMediaRouteProvider:DEFAULT_ROUTE, name=Phone, description=null, enabled=true, connecting=false, canDisconnect=false, playbackType=0, playbackStream=3, volumeHandling=1, volume=4, volumeMax=15, presentationDisplayId=-1, extras=null, settingsIntent=null, providerPackageName=android }
I/NetworkMonitor( 4134): type=WIFI subType= reason=null isConnected=true
I/NetworkMonitor( 4134): type=WIFI subType= reason=null isConnected=true
I/art     ( 4162): Late-enabling -Xcheck:jni
I/ActivityManager(  807): Start proc 4162:com.nexstreaming.app.nexplayersample/u0a122 for broadcast com.nexstreaming.app.nexplayersample/com.nexstreaming.app.util.MediaScannerBroadcastReceiver
I/GHttpClientFactory( 4134): Using our fixed implementation of GMSCore's GoogleHttpClient
I/GoogleURLConnFactory( 4134): Using platform SSLCertificateSocketFactory
D/CellBroadcastReceiver( 4108): onReceive Intent { act=android.intent.action.SERVICE_STATE flg=0x10 cmp=com.android.cellbroadcastreceiver/.CellBroadcastReceiver (has extras) }
D/CellBroadcastReceiver( 4108): Intent ACTION_SERVICE_STATE_CHANGED
D/CellBroadcastReceiver( 4108): Service state changed! 1 Full: 1 1 voice home data home null null null null null null  Unknown Unknown CSS not supported 0 0 RoamInd=0 DefRoamInd=0 EmergOnly=true Current state=-1
D/GCM     ( 1507): GcmService start Intent { act=com.google.android.gms.INITIALIZE flg=0x10 pkg=com.google.android.gms cmp=com.google.android.gms/.gcm.GcmService } com.google.android.gms.INITIALIZE
D/AuthorizationBluetoothService( 1507): Received GmsCore event: Intent { act=com.google.android.gms.INITIALIZE flg=0x10 pkg=com.google.android.gms cmp=com.google.android.gms/.auth.be.proximity.authorization.bt.AuthorizationBluetoothService$AutoStarter }.
V/GmsCoreStatsServiceLauncher( 1746): Received broadcast intent Intent { act=com.google.android.gms.INITIALIZE flg=0x10 pkg=com.google.android.gms cmp=com.google.android.gms/.common.stats.GmsCoreStatsServiceLauncher }
I/ActivityManager(  807): Start proc 4185:com.google.android.gms.wearable/u0a11 for service com.google.android.gms/.wearable.service.WearableService
D/CONVIVA ( 3317): [Conviva] [1440050112.13] [NONE] [SDK] [Monitor] sid=1680375424 setBitrateKbps()
I/CONVIVA ( 3317): [Conviva] [1440050112.13] [INFO] [SDK] [Monitor] sid=1680375424 Change bitrate from 688 to 3477
D/LocationInitializer( 1746): Restart initialization of location
W/ResourcesManager( 4185): Asset path '/system/framework/com.android.media.remotedisplay.jar' does not exist or contains no resources.
W/ResourcesManager( 4185): Asset path '/system/framework/com.android.location.provider.jar' does not exist or contains no resources.
I/MultiDex( 4185): VM with version 2.1.0 has multidex support
I/MultiDex( 4185): install
I/MultiDex( 4185): VM has multidex support, MultiDex support library is disabled.
V/JNIHelp ( 4185): Registering com/google/android/gms/org/conscrypt/NativeCrypto's 227 native methods...
I/ProviderInstaller( 4185): Installed default security provider GmsCore_OpenSSL
D/WearableService( 4185): callingUid 10011, callindPid: 4185
I/art     ( 1746): Explicit concurrent mark sweep GC freed 16427(1600KB) AllocSpace objects, 9(144KB) LOS objects, 35% free, 29MB/45MB, paused 1.491ms total 70.864ms
D/GCM     ( 1507): GcmService start Intent { act=com.google.android.checkin.CHECKIN_COMPLETE flg=0x10 cmp=com.google.android.gms/.gcm.GcmService (has extras) } com.google.android.checkin.CHECKIN_COMPLETE
D/ChimeraCfgMgr( 1746): Loading module com.google.android.gms.kids from APK com.google.android.gms
D/ChimeraCfgMgr( 1746): Loading module com.google.android.gms.kids from APK com.google.android.gms
E/MDM     ( 1407): [110] b.run: Couldn't connect to Google API client: ConnectionResult{statusCode=API_UNAVAILABLE, resolution=null}
V/GLSActivity( 1507): AuthDelegateWrapperCreated with selected intent: Intent { cmp=com.google.android.gms/.auth.DefaultAuthDelegateService }
I/Kids    ( 1746): [KidAccountFixer] No accounts found
I/ActivityManager(  807): Delay finish: com.android.providers.calendar/.CalendarProviderBroadcastReceiver
I/ActivityManager(  807): Resuming delayed broadcast
I/MediaStoreImporter( 4134): Update: incremental Added music: 0 Updated music: 0 Deleted music: 0 Created playlists: 0 Updated playlists: 0 Deleted playlists: 0 Inserted playlist items: 0 Deleted playlist items: 0 Removed orphaned playlist items: 0
I/NotifUtils( 2763): Validating Notification, mapSize: 0 getAttention: true ignoreUnobtrusive: false
I/NotifUtils( 2763): validateNotifications - cancelling -1084559159 for -1712497640 / -317575340
W/ResourcesManager( 3585): Asset path '/system/framework/com.android.media.remotedisplay.jar' does not exist or contains no resources.
W/ResourcesManager( 3585): Asset path '/system/framework/com.android.location.provider.jar' does not exist or contains no resources.
I/ActivityManager(  807): Start proc 4224:android.process.acore/u0a5 for broadcast com.android.providers.contacts/.PackageIntentReceiver
V/JNIHelp ( 3585): Registering com/google/android/gms/org/conscrypt/NativeCrypto's 227 native methods...
I/ProviderInstaller( 3585): Installed default security provider GmsCore_OpenSSL
I/ActivityManager(  807): Start proc 4245:com.android.vending/u0a19 for broadcast com.android.vending/com.google.android.finsky.receivers.PackageMonitorReceiver$RegisteredReceiver
I/ActivityManager(  807): Killing 3741:com.rhmsoft.fm/u0a93 (adj 15): empty #17
I/ContactLocale( 4224): AddressBook Labels [en-US]: [, A, B, C, D, E, F, G, H, I, J, K, L, M, N, O, P, Q, R, S, T, U, V, W, X, Y, Z, , , , , , , , , , , , , , , , , , , , , , , , , , , , , , , , , , , , , , , , , , , , , , , , , , , , , , , , , , , , , , , , , , , , , , , , , , , , , , , , , , , , , , , , , , , , , , , , , , , , , , , , , , , , , , , , , , , , , , , , , , , , , , , , , , , , , , , , , , , , , , , , , , , , , , , , , , , , , , , , , , , , , , , , , , , , , , , , , , , , , , , , , , , , #, ]
D/Finsky  ( 4245): [1] FinskyApp.onCreate: Initializing network with DFE https://android.clients.google.com/fdfe/
D/Finsky  ( 4245): [1] DailyHygiene.goMakeHygieneIfDirty: No need to run daily hygiene.
I/ActivityManager(  807): Start proc 4284:com.google.android.gms:car/u0a11 for service com.google.android.gms/.car.CarService
W/Settings( 4245): Setting download_manager_max_bytes_over_mobile has moved from android.provider.Settings.Secure to android.provider.Settings.Global.
W/Settings( 4245): Setting download_manager_recommended_max_bytes_over_mobile has moved from android.provider.Settings.Secure to android.provider.Settings.Global.
W/ResourcesManager( 4284): Asset path '/system/framework/com.android.media.remotedisplay.jar' does not exist or contains no resources.
W/ResourcesManager( 4284): Asset path '/system/framework/com.android.location.provider.jar' does not exist or contains no resources.
D/Finsky  ( 4245): [1] 2.run: Loaded library for account: [BT_ktNiLi1NRAwdoe6r2Gd4T_hs]
D/Finsky  ( 4245): [1] 2.run: Finished loading 1 libraries.
D/Finsky  ( 4245): [1] GmsCoreHelper.cleanupNlp: result=false type=4
I/MultiDex( 4284): VM with version 2.1.0 has multidex support
I/MultiDex( 4284): install
I/MultiDex( 4284): VM has multidex support, MultiDex support library is disabled.
D/PackageBroadcastService( 1746): Received broadcast action=android.intent.action.PACKAGE_CHANGED and uri=com.google.android.gms
D/Finsky  ( 4245): [1] RestoreTracker.stopServiceIfDone: Restore complete with 0 success and 0 failed.
I/ActivityManager(  807): Start proc 4308:com.google.android.apps.plus/u0a73 for broadcast com.google.android.apps.plus/.service.PackagesMediaMonitor
I/PackageBroadcastService( 1746): Null package name or gms related package.  Ignoreing.
I/ActivityManager(  807): Killing 3782:com.blackberry.infrastructure/u0a91 (adj 15): empty #17
V/JNIHelp ( 4284): Registering com/google/android/gms/org/conscrypt/NativeCrypto's 227 native methods...
I/ProviderInstaller( 4284): Installed default security provider GmsCore_OpenSSL
I/art     (  807): Explicit concurrent mark sweep GC freed 20525(1263KB) AllocSpace objects, 0(0B) LOS objects, 31% free, 34MB/50MB, paused 3.111ms total 144.052ms
W/ResourcesManager( 4308): Asset path '/system/framework/com.google.android.maps.jar' does not exist or contains no resources.
I/Icing   ( 1746): updateResources: need to parse f{com.google.android.gms}
I/ActivityManager(  807): Killing 3846:com.gotv.crackle.handset/u0a88 (adj 15): empty #17
I/UpdateIcingCorporaServi( 1463): Updating corpora: APPS=com.google.android.gms, CONTACTS=MAYBE
W/Launcher( 1344): setApplicationContext called twice! old=com.google.android.velvet.VelvetApplication@3753b73 new=com.google.android.velvet.VelvetApplication@3753b73
V/Finsky  ( 4245): [1] GearheadStateMonitor.onReady: sIsProjecting:false
I/ActivityManager(  807): Delay finish: com.google.android.gm/.widget.GmailWidgetProvider
I/ActivityManager(  807): Resuming delayed broadcast
D/GCM     ( 1507): GcmService start Intent { act=com.google.android.gms.INITIALIZE flg=0x10 pkg=com.google.android.gms cmp=com.google.android.gms/.gcm.GcmService } com.google.android.gms.INITIALIZE
D/AuthorizationBluetoothService( 1507): Received GmsCore event: Intent { act=com.google.android.gms.INITIALIZE flg=0x10 pkg=com.google.android.gms cmp=com.google.android.gms/.auth.be.proximity.authorization.bt.AuthorizationBluetoothService$AutoStarter }.
V/GmsCoreStatsServiceLauncher( 1746): Received broadcast intent Intent { act=com.google.android.gms.INITIALIZE flg=0x10 pkg=com.google.android.gms cmp=com.google.android.gms/.common.stats.GmsCoreStatsServiceLauncher }
E/MDM     ( 1407): [113] b.run: Couldn't connect to Google API client: ConnectionResult{statusCode=API_UNAVAILABLE, resolution=null}
D/LocationInitializer( 1746): Restart initialization of location
I/UpdateIcingCorporaServi( 1463): UpdateCorporaTask done [took 56 ms] updated apps [took 56 ms] 
D/GCM     ( 1507): GcmService start Intent { act=com.google.android.gms.INITIALIZE flg=0x10 pkg=com.google.android.gms cmp=com.google.android.gms/.gcm.GcmService } com.google.android.gms.INITIALIZE
D/AuthorizationBluetoothService( 1507): Received GmsCore event: Intent { act=com.google.android.gms.INITIALIZE flg=0x10 pkg=com.google.android.gms cmp=com.google.android.gms/.auth.be.proximity.authorization.bt.AuthorizationBluetoothService$AutoStarter }.
V/GmsCoreStatsServiceLauncher( 1746): Received broadcast intent Intent { act=com.google.android.gms.INITIALIZE flg=0x10 pkg=com.google.android.gms cmp=com.google.android.gms/.common.stats.GmsCoreStatsServiceLauncher }
E/MDM     ( 1407): [114] b.run: Couldn't connect to Google API client: ConnectionResult{statusCode=API_UNAVAILABLE, resolution=null}
D/LocationInitializer( 1746): Restart initialization of location
I/ActivityManager(  807): Killing 3969:com.google.android.keep/u0a78 (adj 15): empty #17
I/CONVIVA ( 3317): [Conviva] [1440050114.06] [INFO] [SDK] [Session] sid=1680375424 Send HB[3]
D/CONVIVA ( 3317): [Conviva] [1440050114.06] [NONE] [SDK] [Session] sid=1680375424 heartbeat to be sent: {"sdk":true,"sf":7,"url":"http:\/\/qthttp.apple.com.edgesuite.net\/1010qwoeiuryfg\/sl.m3u8","evs":[{"seq":5,"st":13082,"t":"CwsStateChangeEvent","new":{"br":3477},"old":{"br":688}}],"sid":1680375424,"clid":"79511.344738.2368548.12345679","t":"CwsSessionHb","lg":["[Conviva] [1440050109.06] [INFO] [SDK] [Session] sid=1680375424 Send HB[2]","[Conviva] [1440050109.06] [NONE] [SDK] request(): calling IHttpInterface:makeRequest","[Conviva] [1440050109.66] [NONE] [SDK] [Session] sid=1680375424 onHeartbeatResponse(): received valid response for HB[2]","[Conviva] [1440050112.13] [NONE] [SDK] [Monitor] sid=1680375424 setBitrateKbps()","[Conviva] [1440050112.13] [INFO] [SDK] [Monitor] sid=1680375424 Change bitrate from 688 to 3477"],"pj":false,"tags":{"tag1":"test1","tag2":"test2"},"st":15004,"vid":"Dinesh-EXO","iid":895340196,"ps":3,"rs":"LEVEL3-VOD","clv":"2.98.0.26609","cid":"1a6d7f0de15335c201e8e9aacbc7a0952f5191d7","pm":{"osv":"5.1.1","fwv":"1.3.3","fw":"ExoPlayer","sch":"sdk.android.1","dvma":"motorola","abm":"Nexus 6"},"pver":"1.7","cl":5365,"seq":3,"an":"Dinesh_Exo_SDK","cts":1.440050114055E9,"pn":"Dinesh Orange Player","br":3477,"lv":false}
D/CONVIVA ( 3317): [Conviva] [1440050114.06] [NONE] [SDK] request(): calling IHttpInterface:makeRequest
D/CONVIVA ( 3317): [Conviva] [1440050114.59] [NONE] [SDK] [Session] sid=1680375424 onHeartbeatResponse(): received valid response for HB[3]
I/ActivityManager(  807): Waited long enough for: ServiceRecord{179e69a7 u0 com.rhmsoft.fm/com.cleanmaster.fm.service.BackgroundService}
I/ActivityManager(  807): Waited long enough for: ServiceRecord{290e7116 u0 com.blackberry.calendar/.alerts.InitAlarmsService}
I/ActivityManager(  807): Waited long enough for: ServiceRecord{104446d u0 com.blackberry.infrastructure/com.blackberry.email.service.Pop3Service}
I/ActivityManager(  807): Waited long enough for: ServiceRecord{2e9f0a97 u0 com.blackberry.infrastructure/com.blackberry.email.service.ImapService}
I/ActivityManager(  807): Waited long enough for: ServiceRecord{16bbb484 u0 com.blackberry.infrastructure/com.blackberry.eas.service.syncadapter.EmailSyncAdapterService}
I/CheckinService( 1746): Done disabling old GoogleServicesFramework version
I/MusicLeanback( 4134): Conditions not met for autocaching. okToAttempt=false
I/MusicLeanback( 4134): Stop autocaching.
E/GmsUtils( 4134): Failed to connect to Google API client: ConnectionResult{statusCode=API_UNAVAILABLE, resolution=null}
E/GmsUtils( 4134): Failed to connect to Google API client: ConnectionResult{statusCode=API_UNAVAILABLE, resolution=null}
I/ActivityManager(  807): Killing 4005:com.google.android.apps.photos/u0a70 (adj 15): empty #17
I/ActivityManager(  807): Killing 3659:com.google.android.apps.fitness/u0a90 (adj 15): empty #17
W/ActivityManager(  807): getRunningAppProcesses: caller 10166 does not hold REAL_GET_TASKS; limiting output
I/CONVIVA ( 3317): [Conviva] [1440050119.15] [INFO] [SDK] [Session] sid=1680375424 Send HB[4]
D/CONVIVA ( 3317): [Conviva] [1440050119.15] [NONE] [SDK] [Session] sid=1680375424 heartbeat to be sent: {"sdk":true,"sf":7,"url":"http:\/\/qthttp.apple.com.edgesuite.net\/1010qwoeiuryfg\/sl.m3u8","evs":[],"sid":1680375424,"clid":"79511.344738.2368548.12345679","t":"CwsSessionHb","lg":["[Conviva] [1440050114.06] [INFO] [SDK] [Session] sid=1680375424 Send HB[3]","[Conviva] [1440050114.06] [NONE] [SDK] request(): calling IHttpInterface:makeRequest","[Conviva] [1440050114.59] [NONE] [SDK] [Session] sid=1680375424 onHeartbeatResponse(): received valid response for HB[3]"],"pj":false,"tags":{"tag1":"test1","tag2":"test2"},"st":20094,"vid":"Dinesh-EXO","iid":895340196,"ps":3,"rs":"LEVEL3-VOD","clv":"2.98.0.26609","cid":"1a6d7f0de15335c201e8e9aacbc7a0952f5191d7","pm":{"osv":"5.1.1","fwv":"1.3.3","fw":"ExoPlayer","sch":"sdk.android.1","dvma":"motorola","abm":"Nexus 6"},"pver":"1.7","cl":5365,"seq":4,"an":"Dinesh_Exo_SDK","cts":1.440050119145E9,"pn":"Dinesh Orange Player","br":3477,"lv":false}
D/CONVIVA ( 3317): [Conviva] [1440050119.15] [NONE] [SDK] request(): calling IHttpInterface:makeRequest
D/CONVIVA ( 3317): [Conviva] [1440050119.75] [NONE] [SDK] [Session] sid=1680375424 onHeartbeatResponse(): received valid response for HB[4]
W/ActivityManager(  807): getRunningAppProcesses: caller 10166 does not hold REAL_GET_TASKS; limiting output
I/CONVIVA ( 3317): [Conviva] [1440050124.06] [INFO] [SDK] [Session] sid=1680375424 Send HB[5]
D/CONVIVA ( 3317): [Conviva] [1440050124.06] [NONE] [SDK] [Session] sid=1680375424 heartbeat to be sent: {"sdk":true,"sf":7,"url":"http:\/\/qthttp.apple.com.edgesuite.net\/1010qwoeiuryfg\/sl.m3u8","evs":[],"sid":1680375424,"clid":"79511.344738.2368548.12345679","t":"CwsSessionHb","lg":["[Conviva] [1440050119.15] [INFO] [SDK] [Session] sid=1680375424 Send HB[4]","[Conviva] [1440050119.15] [NONE] [SDK] request(): calling IHttpInterface:makeRequest","[Conviva] [1440050119.75] [NONE] [SDK] [Session] sid=1680375424 onHeartbeatResponse(): received valid response for HB[4]"],"pj":false,"tags":{"tag1":"test1","tag2":"test2"},"st":25008,"vid":"Dinesh-EXO","iid":895340196,"ps":3,"rs":"LEVEL3-VOD","clv":"2.98.0.26609","cid":"1a6d7f0de15335c201e8e9aacbc7a0952f5191d7","pm":{"osv":"5.1.1","fwv":"1.3.3","fw":"ExoPlayer","sch":"sdk.android.1","dvma":"motorola","abm":"Nexus 6"},"pver":"1.7","cl":5365,"seq":5,"an":"Dinesh_Exo_SDK","cts":1.440050124059E9,"pn":"Dinesh Orange Player","br":3477,"lv":false}
D/CONVIVA ( 3317): [Conviva] [1440050124.06] [NONE] [SDK] request(): calling IHttpInterface:makeRequest
E/WifiStateMachine(  807): WifiStateMachine CMD_START_SCAN source -2 txSuccessRate=860.71 rxSuccessRate=1984.17 targetRoamBSSID=any RSSI=-52
D/CONVIVA ( 3317): [Conviva] [1440050124.64] [NONE] [SDK] [Session] sid=1680375424 onHeartbeatResponse(): received valid response for HB[5]
D/PWM     ( 3765): url=http://up.cm.ksmobile.com/filemanager//controller/CloudCfg.php
D/Finsky  ( 4245): [1] DailyHygiene.onStartCommand: Beginning daily hygiene
W/Settings( 3765): Setting android_id has moved from android.provider.Settings.System to android.provider.Settings.Secure, returning read-only value.
V/GLSActivity( 1507): AuthDelegateWrapperCreated with selected intent: Intent { cmp=com.google.android.gms/.auth.DefaultAuthDelegateService }
D/Finsky  ( 4245): [1] SelfUpdateScheduler.checkForSelfUpdate: Skipping DFE self-update. Local Version [80380800] >= Server Version [-1]
V/GLSActivity( 1507): AuthDelegateWrapperCreated with selected intent: Intent { cmp=com.google.android.gms/.auth.DefaultAuthDelegateService }
E/AdwareHttpConnector( 3765): 200
I/qtaguid ( 4245): Failed write_ctrl(u 37) res=-1 errno=22
I/qtaguid ( 4245): Untagging socket 37 failed errno=-22
W/NetworkManagementSocketTagger( 4245): untagSocket(37) failed with errno -22
V/GLSActivity( 1507): AuthDelegateWrapperCreated with selected intent: Intent { cmp=com.google.android.gms/.auth.DefaultAuthDelegateService }
I/qtaguid ( 4245): Failed write_ctrl(u 37) res=-1 errno=22
I/qtaguid ( 4245): Untagging socket 37 failed errno=-22
W/NetworkManagementSocketTagger( 4245): untagSocket(37) failed with errno -22
W/Settings( 3765): Setting android_id has moved from android.provider.Settings.System to android.provider.Settings.Secure, returning read-only value.
W/ResourcesManager( 4245): Asset path '/system/framework/com.google.android.maps.jar' does not exist or contains no resources.
D/Finsky  ( 4245): [1] ReschedulerUsingJobScheduler.schedule: Scheduling auto-update check using JobScheduler.
D/Finsky  ( 4245): [1] DailyHygiene.logDeviceFeaturesAndContinue: Logging device features
D/Finsky  ( 4245): [1] DailyHygiene.flushEventLogsAndContinue: Flushing event logs for [BT_ktNiLi1NRAwdoe6r2Gd4T_hs]
D/Finsky  ( 4245): [1] CheckPreconditionsAndAutoUpdateJobService.onStartJob: JobScheduler invoked, loading libraries.
D/DeviceConnectionService( 1407): client connected with version: 7571000
I/art     ( 1407): Explicit concurrent mark sweep GC freed 15037(912KB) AllocSpace objects, 6(96KB) LOS objects, 37% free, 26MB/42MB, paused 2.845ms total 53.014ms
I/CalendarProvider2( 1796): Sending notification intent: Intent { act=android.intent.action.PROVIDER_CHANGED dat=content://com.android.calendar }
W/ContentResolver( 1796): Failed to get type for: content://com.android.calendar (Unknown URL content://com.android.calendar)
D/AlertReceiver( 3821): onReceive: a=android.intent.action.PROVIDER_CHANGED Intent { act=android.intent.action.PROVIDER_CHANGED dat=content://com.android.calendar flg=0x10 cmp=com.blackberry.calendar/.alerts.AlertReceiver }
D/AlertService( 3821): 0 Action = android.intent.action.PROVIDER_CHANGED
D/Finsky  ( 4245): [1] InstallerImpl.requestInstall: Request install of com.google.android.apps.plus v=414166275 pri=3 for auto_update
D/Finsky  ( 4245): [1] PackageInstallerImpl.innerCreateSession: Created session 1363005386 for com.google.android.apps.plus
D/Finsky  ( 4245): [1] InstallerImpl.kick: Installer kick - starting com.google.android.apps.plus
V/GLSActivity( 1507): AuthDelegateWrapperCreated with selected intent: Intent { cmp=com.google.android.gms/.auth.DefaultAuthDelegateService }
D/Finsky  ( 4245): [1] CheckPreconditionsAndAutoUpdateJobService.updateCheckComplete: auto-updates finished successfully.
I/ActivityManager(  807): Killing 3492:com.google.android.youtube/u0a85 (adj 15): empty #17
W/ActivityManager(  807): getRunningAppProcesses: caller 10166 does not hold REAL_GET_TASKS; limiting output
I/OrangePlayerController( 3317): scheduled midroll playing
I/OrangePlayerController( 3317): Content should resume at 26638
I/ExoPlayerActivity( 3317): onRestoreEventListner called
I/ExoPlayerActivity( 3317): cleanupStreamer() called
I/SDKIntegration( 3317): onPlayerContentStreamerDestroy called
I/CONVIVA ( 3317): [Conviva] [1440050129.07] [INFO] [SDK] [Monitor] sid=1680375424 detachPlayer()
D/CONVIVA ( 3317): [Conviva] [1440050129.07] [NONE] [SDK] [Monitor] sid=1680375424 OnPlayerStateChange(): NOT_MONITORED
I/CONVIVA ( 3317): [Conviva] [1440050129.07] [INFO] [SDK] [Monitor] sid=1680375424 SetPlayerState(): changing player state from PLAYING to NOT_MONITORED
I/ExoPlayerActivity( 3317): onRestoreEventListner called
I/CONVIVA ( 3317): [Conviva] [1440050129.09] [INFO] [SDK] [Session] sid=1680375424 Send HB[6]
D/CONVIVA ( 3317): [Conviva] [1440050129.09] [NONE] [SDK] [Session] sid=1680375424 heartbeat to be sent: {"sdk":true,"sf":7,"url":"http:\/\/qthttp.apple.com.edgesuite.net\/1010qwoeiuryfg\/sl.m3u8","evs":[{"seq":6,"st":30018,"t":"CwsStateChangeEvent","new":{"ps":98},"old":{"ps":3}}],"sid":1680375424,"clid":"79511.344738.2368548.12345679","t":"CwsSessionHb","lg":["[Conviva] [1440050124.06] [INFO] [SDK] [Session] sid=1680375424 Send HB[5]","[Conviva] [1440050124.06] [NONE] [SDK] request(): calling IHttpInterface:makeRequest","[Conviva] [1440050124.64] [NONE] [SDK] [Session] sid=1680375424 onHeartbeatResponse(): received valid response for HB[5]","[Conviva] [1440050129.07] [INFO] [SDK] [Monitor] sid=1680375424 detachPlayer()","[Conviva] [1440050129.07] [NONE] [SDK] [Monitor] sid=1680375424 OnPlayerStateChange(): NOT_MONITORED","[Conviva] [1440050129.07] [INFO] [SDK] [Monitor] sid=1680375424 SetPlayerState(): changing player state from PLAYING to NOT_MONITORED"],"pj":false,"tags":{"tag1":"test1","tag2":"test2"},"st":30033,"vid":"Dinesh-EXO","iid":895340196,"ps":98,"rs":"LEVEL3-VOD","clv":"2.98.0.26609","cid":"1a6d7f0de15335c201e8e9aacbc7a0952f5191d7","pm":{"dvma":"motorola","osv":"5.1.1","abm":"Nexus 6","sch":"sdk.android.1"},"pver":"1.7","cl":5365,"seq":6,"an":"Dinesh_Exo_SDK","cts":1.440050129084E9,"pn":"Dinesh Orange Player","br":3477,"lv":false}
D/CONVIVA ( 3317): [Conviva] [1440050129.09] [NONE] [SDK] request(): calling IHttpInterface:makeRequest
I/OMX-VDEC-1080P(  357): omx_vdec::component_deinit() complete
I/OMX-VDEC-1080P(  357): Exit OMX vdec Destructor: fd=36
D/DemoPlayerAnalyticsInterface( 3317): DemoPlayerAnalyticsInterface.Cleanup()
V/ExoPlayerActivity( 3317): mGenericStreamer release.
I/ConfigManager( 3317): midroll
I/OrangePlayerController( 3317): Playing midroll
I/ExoPlayerActivity( 3317): onInitStreamer()
I/ExoPlayerActivity( 3317): cleanupStreamer() called
I/ExoPlayerImpl( 3317): Init 1.3.3
W/MessageQueue( 3317): Handler (com.google.android.exoplayer.upstream.Loader$LoadTask) {dd454d8} sending message to a Handler on a dead thread
W/MessageQueue( 3317): java.lang.IllegalStateException: Handler (com.google.android.exoplayer.upstream.Loader$LoadTask) {dd454d8} sending message to a Handler on a dead thread
W/MessageQueue( 3317): 	at android.os.MessageQueue.enqueueMessage(MessageQueue.java:325)
W/MessageQueue( 3317): 	at android.os.Handler.enqueueMessage(Handler.java:631)
W/MessageQueue( 3317): 	at android.os.Handler.sendMessageAtTime(Handler.java:600)
W/MessageQueue( 3317): 	at android.os.Handler.sendMessageDelayed(Handler.java:570)
W/MessageQueue( 3317): 	at android.os.Handler.sendEmptyMessageDelayed(Handler.java:534)
W/MessageQueue( 3317): 	at android.os.Handler.sendEmptyMessage(Handler.java:519)
W/MessageQueue( 3317): 	at com.google.android.exoplayer.upstream.Loader$LoadTask.run(Loader.java:244)
W/MessageQueue( 3317): 	at java.util.concurrent.Executors$RunnableAdapter.call(Executors.java:422)
W/MessageQueue( 3317): 	at java.util.concurrent.FutureTask.run(FutureTask.java:237)
W/MessageQueue( 3317): 	at java.util.concurrent.ThreadPoolExecutor.runWorker(ThreadPoolExecutor.java:1112)
W/MessageQueue( 3317): 	at java.util.concurrent.ThreadPoolExecutor$Worker.run(ThreadPoolExecutor.java:587)
W/MessageQueue( 3317): 	at java.lang.Thread.run(Thread.java:818)
D/CONVIVA ( 3317): [Conviva] [1440050129.11] [NONE] [SDK] [Monitor] sid=1680375424 adStart(): adStream= SEPARATE adPlayer= SEPARATE adPosition= MIDROLL
I/ExoPlayerActivity( 3317): Now beginning playback of content  with URL http://0.s3.envato.com/h264-video-previews/80fad324-9db4-11e3-bf3d-0050569255a8/490527.mp4
I/ConfigManager( 3317): midroll
W/AudioPolicyManager(  357): unregisterEffect() unknown effect ID 31
I/qtaguid ( 4245): Failed write_ctrl(u 37) res=-1 errno=22
I/qtaguid ( 4245): Untagging socket 37 failed errno=-22
W/NetworkManagementSocketTagger( 4245): untagSocket(37) failed with errno -22
D/CONVIVA ( 3317): [Conviva] [1440050129.61] [NONE] [SDK] [Session] sid=1680375424 onHeartbeatResponse(): received valid response for HB[6]
I/OMXClient( 3317): Using client-side OMX mux.
I/OMX-VDEC-1080P(  357): component_init: OMX.qcom.video.decoder.avc : fd=35
I/OMX-VDEC-1080P(  357): Capabilities: driver_name = msm_vidc_driver, card = msm_vdec_8974, bus_info = , version = 1, capabilities = 4003000
I/OMX-VDEC-1080P(  357): omx_vdec::component_init() success : fd=35
I/OMXClient( 3317): Using client-side OMX mux.
E/OMXMaster( 3317): A component of name 'OMX.qcom.audio.decoder.aac' already exists, ignoring this one.
E/        (  357): not in avi mode
E/        (  357): not in avi mode
I/SoftAAC2( 3317): Reconfiguring decoder: 0->44100 Hz, 0->2 channels
D/audio_hw_primary(  357): out_set_parameters: enter: usecase(1: low-latency-playback) kvpairs: routing=2
D/Finsky  ( 4245): [1] DownloadImpl.setState: com.google.android.apps.plus from null to UNQUEUED.
D/Finsky  ( 4245): [1] DownloadQueueImpl.add: Download com.google.android.apps.plus added to DownloadQueue
D/Finsky  ( 4245): [1] DownloadImpl.setState: com.google.android.apps.plus from UNQUEUED to QUEUED.
I/installd(  358): free_cache(8511105) avail 24281329664
D/Finsky  ( 4245): [1] DownloadQueueImpl.startDownload: Download com.google.android.apps.plus starting
D/Finsky  ( 4245): [485] 7.run: Enqueued com.google.android.apps.plus as content://downloads/my_downloads/263
D/Finsky  ( 4245): [1] DownloadImpl.setState: com.google.android.apps.plus from QUEUED to DOWNLOADING.
D/Finsky  ( 4245): [1] DownloadQueueImpl.onStart: com.google.android.apps.plus: onStart
D/Finsky  ( 4245): [1] DownloadQueueImpl.notifyProgress: com.google.android.apps.plus: onProgress 0/-1 Status: 190.
V/NotificationService(  807): pkg=com.android.providers.downloads canInterrupt=false intercept=true
D/Finsky  ( 4245): [1] DownloadQueueImpl.notifyProgress: com.google.android.apps.plus: onProgress 0/-1 Status: 192.
D/InitAlarmsService( 3821): Clearing and rescheduling alarms.
D/DownloadManager( 1059): [263] Starting
V/NotificationService(  807): pkg=com.android.providers.downloads canInterrupt=false intercept=true
W/ActivityThread( 1059): ClassLoader.loadClass: The class loader returned by Thread.getContextClassLoader() may fail for processes that host multiple applications. You should explicitly specify a context class loader. For example: Thread.setContextClassLoader(getClass().getClassLoader());
V/NotificationService(  807): pkg=com.android.providers.downloads canInterrupt=false intercept=true
I/art     (  807): Explicit concurrent mark sweep GC freed 38037(2MB) AllocSpace objects, 2(32KB) LOS objects, 31% free, 34MB/50MB, paused 1.750ms total 94.539ms
V/NotificationService(  807): pkg=com.android.providers.downloads canInterrupt=false intercept=true
I/GlobalDismissManager( 3821): no sender configured
D/AlertService( 3821): Beginning updateAlertNotification
D/AlertService( 3821): No fired or scheduled alerts
D/AlertService( 3821): Scheduling next alarm with AlarmScheduler. sEventReminderReceived: null
D/AlarmScheduler( 3821): No events found starting within 1 week.
I/ActivityManager(  807): Killing 4057:com.google.android.partnersetup/u0a16 (adj 15): empty #17
I/ActivityManager(  807): Killing 4074:com.android.sdm.plugins.sprintdm/1001 (adj 15): empty #17
W/ActivityManager(  807): getRunningAppProcesses: caller 10166 does not hold REAL_GET_TASKS; limiting output
I/CONVIVA ( 3317): [Conviva] [1440050134.06] [INFO] [SDK] [Session] sid=1680375424 Send HB[7]
D/CONVIVA ( 3317): [Conviva] [1440050134.06] [NONE] [SDK] [Session] sid=1680375424 heartbeat to be sent: {"sdk":true,"sf":7,"url":"http:\/\/qthttp.apple.com.edgesuite.net\/1010qwoeiuryfg\/sl.m3u8","evs":[],"sid":1680375424,"clid":"79511.344738.2368548.12345679","t":"CwsSessionHb","lg":["[Conviva] [1440050129.09] [INFO] [SDK] [Session] sid=1680375424 Send HB[6]","[Conviva] [1440050129.09] [NONE] [SDK] request(): calling IHttpInterface:makeRequest","[Conviva] [1440050129.11] [NONE] [SDK] [Monitor] sid=1680375424 adStart(): adStream= SEPARATE adPlayer= SEPARATE adPosition= MIDROLL","[Conviva] [1440050129.61] [NONE] [SDK] [Session] sid=1680375424 onHeartbeatResponse(): received valid response for HB[6]"],"pj":false,"tags":{"tag1":"test1","tag2":"test2"},"st":35008,"vid":"Dinesh-EXO","iid":895340196,"ps":98,"rs":"LEVEL3-VOD","clv":"2.98.0.26609","cid":"1a6d7f0de15335c201e8e9aacbc7a0952f5191d7","pm":{"dvma":"motorola","osv":"5.1.1","abm":"Nexus 6","sch":"sdk.android.1"},"pver":"1.7","cl":5365,"seq":7,"an":"Dinesh_Exo_SDK","cts":1.440050134059E9,"pn":"Dinesh Orange Player","br":3477,"lv":false}
D/CONVIVA ( 3317): [Conviva] [1440050134.06] [NONE] [SDK] request(): calling IHttpInterface:makeRequest
D/CONVIVA ( 3317): [Conviva] [1440050134.88] [NONE] [SDK] [Session] sid=1680375424 onHeartbeatResponse(): received valid response for HB[7]
V/NotificationService(  807): pkg=com.android.providers.downloads canInterrupt=false intercept=true
V/NotificationService(  807): pkg=com.android.providers.downloads canInterrupt=false intercept=true
V/NotificationService(  807): pkg=com.android.providers.downloads canInterrupt=false intercept=true
W/ActivityManager(  807): getRunningAppProcesses: caller 10166 does not hold REAL_GET_TASKS; limiting output
I/CONVIVA ( 3317): [Conviva] [1440050139.06] [INFO] [SDK] [Session] sid=1680375424 Send HB[8]
D/CONVIVA ( 3317): [Conviva] [1440050139.06] [NONE] [SDK] [Session] sid=1680375424 heartbeat to be sent: {"sdk":true,"sf":7,"url":"http:\/\/qthttp.apple.com.edgesuite.net\/1010qwoeiuryfg\/sl.m3u8","evs":[],"sid":1680375424,"clid":"79511.344738.2368548.12345679","t":"CwsSessionHb","lg":["[Conviva] [1440050134.06] [INFO] [SDK] [Session] sid=1680375424 Send HB[7]","[Conviva] [1440050134.06] [NONE] [SDK] request(): calling IHttpInterface:makeRequest","[Conviva] [1440050134.88] [NONE] [SDK] [Session] sid=1680375424 onHeartbeatResponse(): received valid response for HB[7]"],"pj":false,"tags":{"tag1":"test1","tag2":"test2"},"st":40008,"vid":"Dinesh-EXO","iid":895340196,"ps":98,"rs":"LEVEL3-VOD","clv":"2.98.0.26609","cid":"1a6d7f0de15335c201e8e9aacbc7a0952f5191d7","pm":{"dvma":"motorola","osv":"5.1.1","abm":"Nexus 6","sch":"sdk.android.1"},"pver":"1.7","cl":5365,"seq":8,"an":"Dinesh_Exo_SDK","cts":1.440050139059E9,"pn":"Dinesh Orange Player","br":3477,"lv":false}
D/CONVIVA ( 3317): [Conviva] [1440050139.06] [NONE] [SDK] request(): calling IHttpInterface:makeRequest
D/PhoneStatusBar( 1037): disable: < expand ICONS* alerts SYSTEM_INFO* back home recent clock search >
D/CONVIVA ( 3317): [Conviva] [1440050140.20] [NONE] [SDK] [Session] sid=1680375424 onHeartbeatResponse(): received valid response for HB[8]
